Archive member included to satisfy reference by file (symbol)

/opt/gcc-arm-none-eabi-6-2017-q2-update/bin/../lib/gcc/arm-none-eabi/6.3.1/thumb/v6-m/libgcc.a(_dvmd_tls.o)
                              CMakeFiles/CAN_Rx.dir/home/louati/pico/pico/pico-sdk/src/rp2_common/pico_divider/divider.S.obj (__aeabi_idiv0)
/opt/gcc-arm-none-eabi-6-2017-q2-update/bin/../lib/gcc/arm-none-eabi/6.3.1/../../../../arm-none-eabi/lib/thumb/v6-m/libc.a(lib_a-calloc.o)
                              CMakeFiles/CAN_Rx.dir/home/louati/pico/pico/pico-sdk/src/rp2_common/pico_malloc/pico_malloc.c.obj (calloc)
/opt/gcc-arm-none-eabi-6-2017-q2-update/bin/../lib/gcc/arm-none-eabi/6.3.1/../../../../arm-none-eabi/lib/thumb/v6-m/libc.a(lib_a-callocr.o)
                              /opt/gcc-arm-none-eabi-6-2017-q2-update/bin/../lib/gcc/arm-none-eabi/6.3.1/../../../../arm-none-eabi/lib/thumb/v6-m/libc.a(lib_a-calloc.o) (_calloc_r)
/opt/gcc-arm-none-eabi-6-2017-q2-update/bin/../lib/gcc/arm-none-eabi/6.3.1/../../../../arm-none-eabi/lib/thumb/v6-m/libc.a(lib_a-impure.o)
                              CMakeFiles/CAN_Rx.dir/home/louati/pico/pico/pico-sdk/src/common/pico_util/pheap.c.obj (_impure_ptr)
/opt/gcc-arm-none-eabi-6-2017-q2-update/bin/../lib/gcc/arm-none-eabi/6.3.1/../../../../arm-none-eabi/lib/thumb/v6-m/libc.a(lib_a-init.o)
                              /opt/gcc-arm-none-eabi-6-2017-q2-update/bin/../lib/gcc/arm-none-eabi/6.3.1/../../../../arm-none-eabi/lib/thumb/v6-m/crt0.o (__libc_init_array)
/opt/gcc-arm-none-eabi-6-2017-q2-update/bin/../lib/gcc/arm-none-eabi/6.3.1/../../../../arm-none-eabi/lib/thumb/v6-m/libc.a(lib_a-malloc.o)
                              CMakeFiles/CAN_Rx.dir/home/louati/pico/pico/pico-sdk/src/rp2_common/pico_malloc/pico_malloc.c.obj (malloc)
/opt/gcc-arm-none-eabi-6-2017-q2-update/bin/../lib/gcc/arm-none-eabi/6.3.1/../../../../arm-none-eabi/lib/thumb/v6-m/libc.a(lib_a-mallocr.o)
                              /opt/gcc-arm-none-eabi-6-2017-q2-update/bin/../lib/gcc/arm-none-eabi/6.3.1/../../../../arm-none-eabi/lib/thumb/v6-m/libc.a(lib_a-callocr.o) (_malloc_r)
/opt/gcc-arm-none-eabi-6-2017-q2-update/bin/../lib/gcc/arm-none-eabi/6.3.1/../../../../arm-none-eabi/lib/thumb/v6-m/libc.a(lib_a-mlock.o)
                              /opt/gcc-arm-none-eabi-6-2017-q2-update/bin/../lib/gcc/arm-none-eabi/6.3.1/../../../../arm-none-eabi/lib/thumb/v6-m/libc.a(lib_a-mallocr.o) (__malloc_lock)
/opt/gcc-arm-none-eabi-6-2017-q2-update/bin/../lib/gcc/arm-none-eabi/6.3.1/../../../../arm-none-eabi/lib/thumb/v6-m/libc.a(lib_a-sbrkr.o)
                              /opt/gcc-arm-none-eabi-6-2017-q2-update/bin/../lib/gcc/arm-none-eabi/6.3.1/../../../../arm-none-eabi/lib/thumb/v6-m/libc.a(lib_a-mallocr.o) (_sbrk_r)
/opt/gcc-arm-none-eabi-6-2017-q2-update/bin/../lib/gcc/arm-none-eabi/6.3.1/../../../../arm-none-eabi/lib/thumb/v6-m/libc.a(lib_a-strlen-stub.o)
                              CMakeFiles/CAN_Rx.dir/home/louati/pico/pico/pico-sdk/src/rp2_common/pico_stdio/stdio.c.obj (strlen)
/opt/gcc-arm-none-eabi-6-2017-q2-update/bin/../lib/gcc/arm-none-eabi/6.3.1/../../../../arm-none-eabi/lib/thumb/v6-m/libc.a(lib_a-wbuf.o)
                              CMakeFiles/CAN_Rx.dir/home/louati/pico/pico/pico-sdk/src/common/pico_util/pheap.c.obj (__swbuf_r)
/opt/gcc-arm-none-eabi-6-2017-q2-update/bin/../lib/gcc/arm-none-eabi/6.3.1/../../../../arm-none-eabi/lib/thumb/v6-m/libc.a(lib_a-wsetup.o)
                              /opt/gcc-arm-none-eabi-6-2017-q2-update/bin/../lib/gcc/arm-none-eabi/6.3.1/../../../../arm-none-eabi/lib/thumb/v6-m/libc.a(lib_a-wbuf.o) (__swsetup_r)
/opt/gcc-arm-none-eabi-6-2017-q2-update/bin/../lib/gcc/arm-none-eabi/6.3.1/../../../../arm-none-eabi/lib/thumb/v6-m/libc.a(lib_a-fflush.o)
                              /opt/gcc-arm-none-eabi-6-2017-q2-update/bin/../lib/gcc/arm-none-eabi/6.3.1/../../../../arm-none-eabi/lib/thumb/v6-m/libc.a(lib_a-wbuf.o) (_fflush_r)
/opt/gcc-arm-none-eabi-6-2017-q2-update/bin/../lib/gcc/arm-none-eabi/6.3.1/../../../../arm-none-eabi/lib/thumb/v6-m/libc.a(lib_a-findfp.o)
                              /opt/gcc-arm-none-eabi-6-2017-q2-update/bin/../lib/gcc/arm-none-eabi/6.3.1/../../../../arm-none-eabi/lib/thumb/v6-m/libc.a(lib_a-wbuf.o) (__sinit)
/opt/gcc-arm-none-eabi-6-2017-q2-update/bin/../lib/gcc/arm-none-eabi/6.3.1/../../../../arm-none-eabi/lib/thumb/v6-m/libc.a(lib_a-freer.o)
                              /opt/gcc-arm-none-eabi-6-2017-q2-update/bin/../lib/gcc/arm-none-eabi/6.3.1/../../../../arm-none-eabi/lib/thumb/v6-m/libc.a(lib_a-malloc.o) (_free_r)
/opt/gcc-arm-none-eabi-6-2017-q2-update/bin/../lib/gcc/arm-none-eabi/6.3.1/../../../../arm-none-eabi/lib/thumb/v6-m/libc.a(lib_a-fwalk.o)
                              /opt/gcc-arm-none-eabi-6-2017-q2-update/bin/../lib/gcc/arm-none-eabi/6.3.1/../../../../arm-none-eabi/lib/thumb/v6-m/libc.a(lib_a-findfp.o) (_fwalk)
/opt/gcc-arm-none-eabi-6-2017-q2-update/bin/../lib/gcc/arm-none-eabi/6.3.1/../../../../arm-none-eabi/lib/thumb/v6-m/libc.a(lib_a-lock.o)
[...]
Memory Configuration

Name             Origin             Length             Attributes
FLASH            0x0000000010000000 0x0000000000200000 xr
RAM              0x0000000020000000 0x0000000000040000 xrw
SCRATCH_X        0x0000000020040000 0x0000000000001000 xrw
SCRATCH_Y        0x0000000020041000 0x0000000000001000 xrw
*default*        0x0000000000000000 0xffffffffffffffff

Linker script and memory map

LOAD /opt/gcc-arm-none-eabi-6-2017-q2-update/bin/../lib/gcc/arm-none-eabi/6.3.1/thumb/v6-m/crti.o
LOAD /opt/gcc-arm-none-eabi-6-2017-q2-update/bin/../lib/gcc/arm-none-eabi/6.3.1/thumb/v6-m/crtbegin.o
LOAD /opt/gcc-arm-none-eabi-6-2017-q2-update/bin/../lib/gcc/arm-none-eabi/6.3.1/../../../../arm-none-eabi/lib/thumb/v6-m/crt0.o

.flash_begin    0x0000000010000000        0x0
                0x0000000010000000                __flash_binary_start = .

.boot2          0x0000000010000000      0x100
                0x0000000010000000                __boot2_start__ = .
 *(.boot2)
 .boot2         0x0000000010000000      0x100 /tmp/ccTmXQy7.o
                0x0000000010000100                __boot2_end__ = .
                0x0000000000000001                ASSERT (((__boot2_end__ - __boot2_start__) == 0x100), ERROR: Pico second stage bootloader must be 256 bytes in size)

.text           0x0000000010000100     0xb340
                0x0000000010000100                __logical_binary_start = .
 *(.vectors)
 .vectors       0x0000000010000100       0xd4 CMakeFiles/CAN_Rx.dir/home/louati/pico/pico/pico-sdk/src/rp2_common/pico_standard_link/crt0.S.obj
                0x0000000010000100                __vectors
                0x00000000100001c0                isr_invalid
                0x00000000100001c2                isr_nmi
                0x00000000100001c4                isr_hardfault
                0x00000000100001c6                isr_svcall
                0x00000000100001c8                isr_pendsv
                0x00000000100001ca                isr_systick
                0x00000000100001cc                isr_irq30
                0x00000000100001cc                __unhandled_user_irq
                0x00000000100001cc                isr_irq13
                0x00000000100001cc                isr_irq27
                0x00000000100001cc                isr_irq31
                0x00000000100001cc                isr_irq5
                0x00000000100001cc                isr_irq11
                0x00000000100001cc                isr_irq23
                0x00000000100001cc                isr_irq18
                0x00000000100001cc                isr_irq28
                0x00000000100001cc                isr_irq19
                0x00000000100001cc                isr_irq0
                0x00000000100001cc                isr_irq6
                0x00000000100001cc                isr_irq22
                0x00000000100001cc                isr_irq17
                0x00000000100001cc                isr_irq14
                0x00000000100001cc                isr_irq2
                0x00000000100001cc                isr_irq10
                0x00000000100001cc                isr_irq8
                0x00000000100001cc                isr_irq24
                0x00000000100001cc                isr_irq1
                0x00000000100001cc                isr_irq7
                0x00000000100001cc                isr_irq21
                0x00000000100001cc                isr_irq20
                0x00000000100001cc                isr_irq15
                0x00000000100001cc                isr_irq25
                0x00000000100001cc                isr_irq4
                0x00000000100001cc                isr_irq16
                0x00000000100001cc                isr_irq29
                0x00000000100001cc                isr_irq26
                0x00000000100001cc                isr_irq3
                0x00000000100001cc                isr_irq12
                0x00000000100001cc                isr_irq9
                0x00000000100001d2                unhandled_user_irq_num_in_r0
 *(.binary_info_header)
 .binary_info_header
                0x00000000100001d4       0x14 CMakeFiles/CAN_Rx.dir/home/louati/pico/pico/pico-sdk/src/rp2_common/pico_standard_link/crt0.S.obj
                0x00000000100001e8                __binary_info_header_end = .
 *(.reset)
 .reset         0x00000000100001e8       0xa8 CMakeFiles/CAN_Rx.dir/home/louati/pico/pico/pico-sdk/src/rp2_common/pico_standard_link/crt0.S.obj
                0x00000000100001e8                _entry_point
                0x0000000010000266                __get_current_exception
 .reset         0x0000000010000290       0x30 CMakeFiles/CAN_Rx.dir/home/louati/pico/pico/pico-sdk/src/rp2_common/pico_standard_link/binary_info.c.obj
 *(.init)
 .init          0x00000000100002c0        0x4 /opt/gcc-arm-none-eabi-6-2017-q2-update/bin/../lib/gcc/arm-none-eabi/6.3.1/thumb/v6-m/crti.o
                0x00000000100002c0                _init
 *(EXCLUDE_FILE(*libm.a: *libc.a:*lib_a-mem*.o *libgcc.a:) .text*)
 .text          0x00000000100002c4       0x60 /opt/gcc-arm-none-eabi-6-2017-q2-update/bin/../lib/gcc/arm-none-eabi/6.3.1/thumb/v6-m/crtbegin.o
 .text.button_callback
                0x0000000010000324        0xc CMakeFiles/CAN_Rx.dir/CAN_Rx.c.obj
                0x0000000010000324                button_callback
 .text.core2_main
                0x0000000010000330      0x184 CMakeFiles/CAN_Rx.dir/CAN_Rx.c.obj
                0x0000000010000330                core2_main
 .text.startup.main
                0x00000000100004b4      0x244 CMakeFiles/CAN_Rx.dir/CAN_Rx.c.obj
                0x00000000100004b4                main
 .text.CRCCalculator
                0x00000000100006f8     0x151c CMakeFiles/CAN_Rx.dir/CAN.c.obj
                0x00000000100006f8                CRCCalculator
 .text.CAN_Send_Message
                0x0000000010001c14     0x12c8 CMakeFiles/CAN_Rx.dir/CAN.c.obj
                0x0000000010001c14                CAN_Send_Message
 .text.CAN_Rx_program_getc
                0x0000000010002edc      0x530 CMakeFiles/CAN_Rx.dir/CAN.c.obj
                0x0000000010002edc                CAN_Rx_program_getc
 .text.gpio_irq_handler
                0x000000001000340c       0x74 CMakeFiles/CAN_Rx.dir/home/louati/pico/pico/pico-sdk/src/rp2_common/hardware_gpio/gpio.c.obj
 .text.gpio_set_function
                0x0000000010003480       0x30 CMakeFiles/CAN_Rx.dir/home/louati/pico/pico/pico-sdk/src/rp2_common/hardware_gpio/gpio.c.obj
                0x0000000010003480                gpio_set_function
 .text.gpio_set_pulls
                0x00000000100034b0       0x34 CMakeFiles/CAN_Rx.dir/home/louati/pico/pico/pico-sdk/src/rp2_common/hardware_gpio/gpio.c.obj
                0x00000000100034b0                gpio_set_pulls
 .text.gpio_set_irq_enabled_with_callback
                0x00000000100034e4       0x74 CMakeFiles/CAN_Rx.dir/home/louati/pico/pico/pico-sdk/src/rp2_common/hardware_gpio/gpio.c.obj
                0x00000000100034e4                gpio_set_irq_enabled_with_callback
 .text.gpio_init
                0x0000000010003558       0x3c CMakeFiles/CAN_Rx.dir/home/louati/pico/pico/pico-sdk/src/rp2_common/hardware_gpio/gpio.c.obj
                0x0000000010003558                gpio_init
 .text.hw_claim_lock
                0x0000000010003594       0x18 CMakeFiles/CAN_Rx.dir/home/louati/pico/pico/pico-sdk/src/rp2_common/hardware_claim/claim.c.obj
                0x0000000010003594                hw_claim_lock
 .text.hw_claim_unlock
                0x00000000100035ac       0x14 CMakeFiles/CAN_Rx.dir/home/louati/pico/pico/pico-sdk/src/rp2_common/hardware_claim/claim.c.obj
                0x00000000100035ac                hw_claim_unlock
 .text.hw_claim_or_assert
                0x00000000100035c0       0x44 CMakeFiles/CAN_Rx.dir/home/louati/pico/pico/pico-sdk/src/rp2_common/hardware_claim/claim.c.obj
                0x00000000100035c0                hw_claim_or_assert
 .text.hw_claim_unused_from_range
                0x0000000010003604       0x8c CMakeFiles/CAN_Rx.dir/home/louati/pico/pico/pico-sdk/src/rp2_common/hardware_claim/claim.c.obj
                0x0000000010003604                hw_claim_unused_from_range
 .text.spin_locks_reset
                0x0000000010003690       0x1c CMakeFiles/CAN_Rx.dir/home/louati/pico/pico/pico-sdk/src/rp2_common/hardware_sync/sync.c.obj
                0x0000000010003690                spin_locks_reset
 .text.next_striped_spin_lock_num
                0x00000000100036ac       0x18 CMakeFiles/CAN_Rx.dir/home/louati/pico/pico/pico-sdk/src/rp2_common/hardware_sync/sync.c.obj
                0x00000000100036ac                next_striped_spin_lock_num
 .text.spin_lock_claim_unused
                0x00000000100036c4       0x20 CMakeFiles/CAN_Rx.dir/home/louati/pico/pico/pico-sdk/src/rp2_common/hardware_sync/sync.c.obj
                0x00000000100036c4                spin_lock_claim_unused
 .text.running_on_fpga
                0x00000000100036e4       0x10 CMakeFiles/CAN_Rx.dir/home/louati/pico/pico/pico-sdk/src/rp2_common/pico_platform/platform.c.obj
                0x00000000100036e4                running_on_fpga
 .text.timer_pool_entry_comparator
                0x00000000100036f4       0x34 CMakeFiles/CAN_Rx.dir/home/louati/pico/pico/pico-sdk/src/common/pico_time/time.c.obj
                0x00000000100036f4                timer_pool_entry_comparator
 .text.sev_callback
                0x0000000010003728        0x8 CMakeFiles/CAN_Rx.dir/home/louati/pico/pico/pico-sdk/src/common/pico_time/time.c.obj
 .text.add_alarm_under_lock
                0x0000000010003730      0x12c CMakeFiles/CAN_Rx.dir/home/louati/pico/pico/pico-sdk/src/common/pico_time/time.c.obj
 .text.alarm_pool_alarm_callback
                0x000000001000385c      0x1dc CMakeFiles/CAN_Rx.dir/home/louati/pico/pico/pico-sdk/src/common/pico_time/time.c.obj
 .text.alarm_pool_init_default
                0x0000000010003a38       0x78 CMakeFiles/CAN_Rx.dir/home/louati/pico/pico/pico-sdk/src/common/pico_time/time.c.obj
                0x0000000010003a38                alarm_pool_init_default
 .text.alarm_pool_get_default
                0x0000000010003ab0        0xc CMakeFiles/CAN_Rx.dir/home/louati/pico/pico/pico-sdk/src/common/pico_time/time.c.obj
                0x0000000010003ab0                alarm_pool_get_default
 .text.alarm_pool_add_alarm_at
                0x0000000010003abc      0x1ac CMakeFiles/CAN_Rx.dir/home/louati/pico/pico/pico-sdk/src/common/pico_time/time.c.obj
                0x0000000010003abc                alarm_pool_add_alarm_at
 .text.sleep_until
                0x0000000010003c68      0x1ac CMakeFiles/CAN_Rx.dir/home/louati/pico/pico/pico-sdk/src/common/pico_time/time.c.obj
                0x0000000010003c68                sleep_until
 .text.sleep_ms
                0x0000000010003e14       0x38 CMakeFiles/CAN_Rx.dir/home/louati/pico/pico/pico-sdk/src/common/pico_time/time.c.obj
                0x0000000010003e14                sleep_ms
 .text.best_effort_wfe_or_timeout
                0x0000000010003e4c      0x1dc CMakeFiles/CAN_Rx.dir/home/louati/pico/pico/pico-sdk/src/common/pico_time/time.c.obj
                0x0000000010003e4c                best_effort_wfe_or_timeout
 .text.hardware_alarm_irq_handler
                0x0000000010004028       0xa0 CMakeFiles/CAN_Rx.dir/home/louati/pico/pico/pico-sdk/src/rp2_common/hardware_timer/timer.c.obj
 .text.hardware_alarm_claim
                0x00000000100040c8       0x18 CMakeFiles/CAN_Rx.dir/home/louati/pico/pico/pico-sdk/src/rp2_common/hardware_timer/timer.c.obj
                0x00000000100040c8                hardware_alarm_claim
 .text.time_us_64
                0x00000000100040e0       0x18 CMakeFiles/CAN_Rx.dir/home/louati/pico/pico/pico-sdk/src/rp2_common/hardware_timer/timer.c.obj
                0x00000000100040e0                time_us_64
 .text.busy_wait_until
                0x00000000100040f8       0x20 CMakeFiles/CAN_Rx.dir/home/louati/pico/pico/pico-sdk/src/rp2_common/hardware_timer/timer.c.obj
                0x00000000100040f8                busy_wait_until
 .text.hardware_alarm_set_callback
                0x0000000010004118       0x8c CMakeFiles/CAN_Rx.dir/home/louati/pico/pico/pico-sdk/src/rp2_common/hardware_timer/timer.c.obj
                0x0000000010004118                hardware_alarm_set_callback
 .text.hardware_alarm_set_target
                0x00000000100041a4       0xbc CMakeFiles/CAN_Rx.dir/home/louati/pico/pico/pico-sdk/src/rp2_common/hardware_timer/timer.c.obj
                0x00000000100041a4                hardware_alarm_set_target
 .text.hardware_alarm_cancel
                0x0000000010004260       0x40 CMakeFiles/CAN_Rx.dir/home/louati/pico/pico/pico-sdk/src/rp2_common/hardware_timer/timer.c.obj
                0x0000000010004260                hardware_alarm_cancel
 .text.lock_init
                0x00000000100042a0       0x10 CMakeFiles/CAN_Rx.dir/home/louati/pico/pico/pico-sdk/src/common/pico_sync/lock_core.c.obj
                0x00000000100042a0                lock_init
 .text.mutex_init
                0x00000000100042b0       0x1c CMakeFiles/CAN_Rx.dir/home/louati/pico/pico/pico-sdk/src/common/pico_sync/mutex.c.obj
                0x00000000100042b0                mutex_init
 .text.critical_section_init
                0x00000000100042cc       0x18 CMakeFiles/CAN_Rx.dir/home/louati/pico/pico/pico-sdk/src/common/pico_sync/critical_section.c.obj
                0x00000000100042cc                critical_section_init
 .text.ph_merge_two_pass.part.3
                0x00000000100042e4      0x18c CMakeFiles/CAN_Rx.dir/home/louati/pico/pico/pico-sdk/src/common/pico_util/pheap.c.obj
 .text.ph_create
                0x0000000010004470       0x64 CMakeFiles/CAN_Rx.dir/home/louati/pico/pico/pico-sdk/src/common/pico_util/pheap.c.obj
                0x0000000010004470                ph_create
 .text.ph_remove_head_reserve
                0x00000000100044d4      0x158 CMakeFiles/CAN_Rx.dir/home/louati/pico/pico/pico-sdk/src/common/pico_util/pheap.c.obj
                0x00000000100044d4                ph_remove_head_reserve
 .text.ph_delete
                0x000000001000462c      0x254 CMakeFiles/CAN_Rx.dir/home/louati/pico/pico/pico-sdk/src/common/pico_util/pheap.c.obj
                0x000000001000462c                ph_delete
 .text.runtime_init
                0x0000000010004880       0xf0 CMakeFiles/CAN_Rx.dir/home/louati/pico/pico/pico-sdk/src/rp2_common/pico_runtime/runtime.c.obj
                0x0000000010004880                runtime_init
 .text._sbrk    0x0000000010004970       0x34 CMakeFiles/CAN_Rx.dir/home/louati/pico/pico/pico-sdk/src/rp2_common/pico_runtime/runtime.c.obj
                0x0000000010004970                _sbrk
 .text.exit     0x00000000100049a4        0x4 CMakeFiles/CAN_Rx.dir/home/louati/pico/pico/pico-sdk/src/rp2_common/pico_runtime/runtime.c.obj
                0x00000000100049a4                exit
 .text.panic    0x00000000100049a8       0x30 CMakeFiles/CAN_Rx.dir/home/louati/pico/pico/pico-sdk/src/rp2_common/pico_runtime/runtime.c.obj
                0x00000000100049a8                panic
 .text.hard_assertion_failure
                0x00000000100049d8        0xc CMakeFiles/CAN_Rx.dir/home/louati/pico/pico/pico-sdk/src/rp2_common/pico_runtime/runtime.c.obj
                0x00000000100049d8                hard_assertion_failure
 .text.clocks_init
                0x00000000100049e4      0x2ec CMakeFiles/CAN_Rx.dir/home/louati/pico/pico/pico-sdk/src/rp2_common/hardware_clocks/clocks.c.obj
                0x00000000100049e4                clocks_init
 .text.clock_get_hz
                0x0000000010004cd0        0xc CMakeFiles/CAN_Rx.dir/home/louati/pico/pico/pico-sdk/src/rp2_common/hardware_clocks/clocks.c.obj
                0x0000000010004cd0                clock_get_hz
 .text.watchdog_start_tick
                0x0000000010004cdc       0x10 CMakeFiles/CAN_Rx.dir/home/louati/pico/pico/pico-sdk/src/rp2_common/hardware_watchdog/watchdog.c.obj
                0x0000000010004cdc                watchdog_start_tick
 .text.xosc_init
                0x0000000010004cec       0x28 CMakeFiles/CAN_Rx.dir/home/louati/pico/pico/pico-sdk/src/rp2_common/hardware_xosc/xosc.c.obj
                0x0000000010004cec                xosc_init
 .text.pll_init
                0x0000000010004d14       0x50 CMakeFiles/CAN_Rx.dir/home/louati/pico/pico/pico-sdk/src/rp2_common/hardware_pll/pll.c.obj
                0x0000000010004d14                pll_init
 .text.irq_set_enabled
                0x0000000010004d64       0x24 CMakeFiles/CAN_Rx.dir/home/louati/pico/pico/pico-sdk/src/rp2_common/hardware_irq/irq.c.obj
                0x0000000010004d64                irq_set_enabled
 .text.irq_set_pending
                0x0000000010004d88       0x10 CMakeFiles/CAN_Rx.dir/home/louati/pico/pico/pico-sdk/src/rp2_common/hardware_irq/irq.c.obj
                0x0000000010004d88                irq_set_pending
 .text.irq_get_vtable_handler
                0x0000000010004d98       0x10 CMakeFiles/CAN_Rx.dir/home/louati/pico/pico/pico-sdk/src/rp2_common/hardware_irq/irq.c.obj
                0x0000000010004d98                irq_get_vtable_handler
 .text.irq_set_exclusive_handler
                0x0000000010004da8       0x54 CMakeFiles/CAN_Rx.dir/home/louati/pico/pico/pico-sdk/src/rp2_common/hardware_irq/irq.c.obj
                0x0000000010004da8                irq_set_exclusive_handler
 .text.irq_remove_handler
                0x0000000010004dfc      0x1b8 CMakeFiles/CAN_Rx.dir/home/louati/pico/pico/pico-sdk/src/rp2_common/hardware_irq/irq.c.obj
                0x0000000010004dfc                irq_remove_handler
 .text.irq_add_tail_to_free_list
                0x0000000010004fb4       0xb0 CMakeFiles/CAN_Rx.dir/home/louati/pico/pico/pico-sdk/src/rp2_common/hardware_irq/irq.c.obj
                0x0000000010004fb4                irq_add_tail_to_free_list
 .text.irq_init_priorities
                0x0000000010005064       0x38 CMakeFiles/CAN_Rx.dir/home/louati/pico/pico/pico-sdk/src/rp2_common/hardware_irq/irq.c.obj
                0x0000000010005064                irq_init_priorities
 .text._out_null
                0x000000001000509c        0x4 CMakeFiles/CAN_Rx.dir/home/louati/pico/pico/pico-sdk/src/rp2_common/pico_printf/printf.c.obj
 .text._out_fct
                0x00000000100050a0       0x10 CMakeFiles/CAN_Rx.dir/home/louati/pico/pico/pico-sdk/src/rp2_common/pico_printf/printf.c.obj
 .text._out_char
                0x00000000100050b0       0x3c CMakeFiles/CAN_Rx.dir/home/louati/pico/pico/pico-sdk/src/rp2_common/pico_printf/printf.c.obj
 .text._ntoa_format
                0x00000000100050ec      0x214 CMakeFiles/CAN_Rx.dir/home/louati/pico/pico/pico-sdk/src/rp2_common/pico_printf/printf.c.obj
 .text._ftoa    0x0000000010005300      0x6c4 CMakeFiles/CAN_Rx.dir/home/louati/pico/pico/pico-sdk/src/rp2_common/pico_printf/printf.c.obj
 .text._etoa.part.1
                0x00000000100059c4      0x3b8 CMakeFiles/CAN_Rx.dir/home/louati/pico/pico/pico-sdk/src/rp2_common/pico_printf/printf.c.obj
 .text._vsnprintf
                0x0000000010005d7c      0xb30 CMakeFiles/CAN_Rx.dir/home/louati/pico/pico/pico-sdk/src/rp2_common/pico_printf/printf.c.obj
 .text.vfctprintf
                0x00000000100068ac       0x20 CMakeFiles/CAN_Rx.dir/home/louati/pico/pico/pico-sdk/src/rp2_common/pico_printf/printf.c.obj
                0x00000000100068ac                vfctprintf
 .text.weak_raw_vprintf
                0x00000000100068cc       0x30 CMakeFiles/CAN_Rx.dir/home/louati/pico/pico/pico-sdk/src/rp2_common/pico_printf/printf.c.obj
                0x00000000100068cc                weak_raw_vprintf
 .text          0x00000000100068fc       0x10 CMakeFiles/CAN_Rx.dir/home/louati/pico/pico/pico-sdk/src/rp2_common/pico_bit_ops/bit_ops_aeabi.S.obj
 .text.ctzsi    0x000000001000690c        0xc CMakeFiles/CAN_Rx.dir/home/louati/pico/pico/pico-sdk/src/rp2_common/pico_bit_ops/bit_ops_aeabi.S.obj
                0x000000001000690c                __wrap___ctzsi2
 .text.rom_func_lookup
                0x0000000010006918       0x10 CMakeFiles/CAN_Rx.dir/home/louati/pico/pico/pico-sdk/src/rp2_common/pico_bootrom/bootrom.c.obj
                0x0000000010006918                rom_func_lookup
 .text.rom_data_lookup
                0x0000000010006928       0x10 CMakeFiles/CAN_Rx.dir/home/louati/pico/pico/pico-sdk/src/rp2_common/pico_bootrom/bootrom.c.obj
                0x0000000010006928                rom_data_lookup
 .text.rom_funcs_lookup
                0x0000000010006938       0x44 CMakeFiles/CAN_Rx.dir/home/louati/pico/pico/pico-sdk/src/rp2_common/pico_bootrom/bootrom.c.obj
                0x0000000010006938                rom_funcs_lookup
 .text.__wrap___aeabi_idiv
                0x000000001000697c       0x58 CMakeFiles/CAN_Rx.dir/home/louati/pico/pico/pico-sdk/src/rp2_common/pico_divider/divider.S.obj
                0x000000001000697c                __wrap___aeabi_idivmod
                0x000000001000697c                divmod_s32s32
                0x000000001000697c                div_s32s32
                0x000000001000697c                __wrap___aeabi_idiv
                0x0000000010006984                divmod_s32s32_unsafe
                0x00000000100069b0                divmod_s32s32_savestate
 .text.__wrap___aeabi_uidiv
                0x00000000100069d4       0x54 CMakeFiles/CAN_Rx.dir/home/louati/pico/pico/pico-sdk/src/rp2_common/pico_divider/divider.S.obj
                0x00000000100069d4                __wrap___aeabi_uidiv
                0x00000000100069d4                __wrap___aeabi_uidivmod
                0x00000000100069d4                div_u32u32
                0x00000000100069d4                divmod_u32u32
                0x00000000100069dc                divmod_u32u32_unsafe
                0x0000000010006a04                divmod_u32u32_savestate
 .text.__wrap___aeabi_ldiv
                0x0000000010006a28      0x430 CMakeFiles/CAN_Rx.dir/home/louati/pico/pico/pico-sdk/src/rp2_common/pico_divider/divider.S.obj
                0x0000000010006a28                div_s64s64
                0x0000000010006a28                divmod_s64s64
                0x0000000010006a28                __wrap___aeabi_ldivmod
                0x0000000010006a60                div_u64u64
                0x0000000010006a60                divmod_u64u64
                0x0000000010006a60                __wrap___aeabi_uldivmod
                0x0000000010006a70                divmod_u64u64_savestate
                0x0000000010006a98                divmod_s64s64_unsafe
                0x0000000010006b20                divmod_u64u64_unsafe
 .text.__wrap___aeabi_darithmetic
                0x0000000010006e58       0x54 CMakeFiles/CAN_Rx.dir/home/louati/pico/pico/pico-sdk/src/rp2_common/pico_double/double_aeabi.S.obj
                0x0000000010006e58                __wrap___aeabi_drsub
                0x0000000010006e5e                __wrap___aeabi_dsub
                0x0000000010006e70                __wrap___aeabi_dadd
                0x0000000010006e82                __wrap___aeabi_ddiv
                0x0000000010006e94                __wrap___aeabi_dmul
 .text.__wrap___aeabi_cdcmple
                0x0000000010006eac       0x6c CMakeFiles/CAN_Rx.dir/home/louati/pico/pico/pico-sdk/src/rp2_common/pico_double/double_aeabi.S.obj
                0x0000000010006eac                __wrap___aeabi_cdrcmple
                0x0000000010006ebc                __wrap___aeabi_cdcmple
                0x0000000010006ebc                __wrap___aeabi_cdcmpeq
 .text.__wrap___aeabi_dcmplt
                0x0000000010006f18        0xc CMakeFiles/CAN_Rx.dir/home/louati/pico/pico/pico-sdk/src/rp2_common/pico_double/double_aeabi.S.obj
                0x0000000010006f18                __wrap___aeabi_dcmplt
 .text.__wrap___aeabi_dcmpge
                0x0000000010006f24       0x10 CMakeFiles/CAN_Rx.dir/home/louati/pico/pico/pico-sdk/src/rp2_common/pico_double/double_aeabi.S.obj
                0x0000000010006f24                __wrap___aeabi_dcmpge
 .text.__wrap___aeabi_dcmpgt
                0x0000000010006f34        0xa CMakeFiles/CAN_Rx.dir/home/louati/pico/pico/pico-sdk/src/rp2_common/pico_double/double_aeabi.S.obj
                0x0000000010006f34                __wrap___aeabi_dcmpgt
 .text.__wrap___aeabi_dcmpun
                0x0000000010006f3e       0x1c CMakeFiles/CAN_Rx.dir/home/louati/pico/pico/pico-sdk/src/rp2_common/pico_double/double_aeabi.S.obj
                0x0000000010006f3e                __wrap___aeabi_dcmpun
 *fill*         0x0000000010006f5a        0x2 
 .text.__wrap___aeabi_i2d
                0x0000000010006f5c       0x38 CMakeFiles/CAN_Rx.dir/home/louati/pico/pico/pico-sdk/src/rp2_common/pico_double/double_aeabi.S.obj
                0x0000000010006f5c                __wrap___aeabi_ui2d
                0x0000000010006f64                __wrap___aeabi_i2d
 .text.__wrap___aeabi_d2iz
                0x0000000010006f94       0x48 CMakeFiles/CAN_Rx.dir/home/louati/pico/pico/pico-sdk/src/rp2_common/pico_double/double_aeabi.S.obj
                0x0000000010006f94                __wrap___aeabi_d2iz
                0x0000000010006f94                double2int_z
 .text.__wrap___aeabi_d2uiz
                0x0000000010006fdc       0x18 CMakeFiles/CAN_Rx.dir/home/louati/pico/pico/pico-sdk/src/rp2_common/pico_double/double_aeabi.S.obj
                0x0000000010006fdc                double2uint
                0x0000000010006fdc                __wrap___aeabi_d2uiz
 .text.__aeabi_double_init
                0x0000000010006ff4       0x4c CMakeFiles/CAN_Rx.dir/home/louati/pico/pico/pico-sdk/src/rp2_common/pico_double/double_init_rom.c.obj
                0x0000000010006ff4                __aeabi_double_init
 .text.double_table_shim_on_use_helper
                0x0000000010007040       0x2c CMakeFiles/CAN_Rx.dir/home/louati/pico/pico/pico-sdk/src/rp2_common/pico_double/double_v1_rom_shim.S.obj
                0x0000000010007040                double_table_shim_on_use_helper
 .text.__wrap___aeabi_dsub
                0x000000001000706c       0x10 CMakeFiles/CAN_Rx.dir/home/louati/pico/pico/pico-sdk/src/rp2_common/pico_double/double_v1_rom_shim.S.obj
                0x000000001000706c                drsub_shim
                0x0000000010007072                dsub_shim
 .text.dadd_shim
                0x000000001000707c      0x15c CMakeFiles/CAN_Rx.dir/home/louati/pico/pico/pico-sdk/src/rp2_common/pico_double/double_v1_rom_shim.S.obj
                0x000000001000707c                dadd_shim
 .text.dmul_shim
                0x00000000100071d8      0x15c CMakeFiles/CAN_Rx.dir/home/louati/pico/pico/pico-sdk/src/rp2_common/pico_double/double_v1_rom_shim.S.obj
                0x00000000100071d8                dmul_shim
 .text.ddiv_shim
                0x0000000010007334      0x1b0 CMakeFiles/CAN_Rx.dir/home/louati/pico/pico/pico-sdk/src/rp2_common/pico_double/double_v1_rom_shim.S.obj
                0x0000000010007334                ddiv_shim
 .text.dcordic_rot_step
                0x00000000100074e4       0x7c CMakeFiles/CAN_Rx.dir/home/louati/pico/pico/pico-sdk/src/rp2_common/pico_double/double_v1_rom_shim.S.obj
                0x00000000100074e4                dcordic_rot_step
 .text.double2uint_shim
                0x0000000010007560        0xe CMakeFiles/CAN_Rx.dir/home/louati/pico/pico/pico-sdk/src/rp2_common/pico_double/double_v1_rom_shim.S.obj
                0x0000000010007560                double2uint_shim
                0x0000000010007562                double2ufix_shim
 *fill*         0x000000001000756e        0x2 
 .text.double2uint64_shim
                0x0000000010007570       0x6c CMakeFiles/CAN_Rx.dir/home/louati/pico/pico/pico-sdk/src/rp2_common/pico_double/double_v1_rom_shim.S.obj
                0x0000000010007570                double2uint64_shim
                0x0000000010007572                double2ufix64_shim
                0x000000001000758c                d2fix_a
 .text.dunpacks
                0x00000000100075dc       0x3c CMakeFiles/CAN_Rx.dir/home/louati/pico/pico/pico-sdk/src/rp2_common/pico_double/double_v1_rom_shim.S.obj
                0x00000000100075dc                dunpacks
 .text.__aeabi_lmul
                0x0000000010007618       0x32 CMakeFiles/CAN_Rx.dir/home/louati/pico/pico/pico-sdk/src/rp2_common/pico_int64_ops/pico_int64_ops_aeabi.S.obj
                0x0000000010007618                __wrap___aeabi_lmul
 *fill*         0x000000001000764a        0x2 
 .text.__wrap___aeabi_farithmetic
                0x000000001000764c       0x24 CMakeFiles/CAN_Rx.dir/home/louati/pico/pico/pico-sdk/src/rp2_common/pico_float/float_aeabi.S.obj
                0x000000001000764c                __wrap___aeabi_frsub
                0x0000000010007652                __wrap___aeabi_fsub
                0x0000000010007658                __wrap___aeabi_fadd
                0x000000001000765e                __wrap___aeabi_fdiv
                0x0000000010007664                __wrap___aeabi_fmul
 .text.__wrap___aeabi_ui2f
                0x0000000010007670        0xa CMakeFiles/CAN_Rx.dir/home/louati/pico/pico/pico-sdk/src/rp2_common/pico_float/float_aeabi.S.obj
                0x0000000010007670                __wrap___aeabi_ui2f
 *fill*         0x000000001000767a        0x2 
 .text.__wrap___aeabi_i2f
                0x000000001000767c       0x44 CMakeFiles/CAN_Rx.dir/home/louati/pico/pico/pico-sdk/src/rp2_common/pico_float/float_aeabi.S.obj
                0x000000001000767c                __wrap___aeabi_i2f
 .text.__wrap___aeabi_f2uiz
                0x00000000100076c0        0xc CMakeFiles/CAN_Rx.dir/home/louati/pico/pico/pico-sdk/src/rp2_common/pico_float/float_aeabi.S.obj
                0x00000000100076c0                __wrap___aeabi_f2uiz
 .text.__aeabi_float_init
                0x00000000100076cc       0x68 CMakeFiles/CAN_Rx.dir/home/louati/pico/pico/pico-sdk/src/rp2_common/pico_float/float_init_rom.c.obj
                0x00000000100076cc                __aeabi_float_init
 .text.float_table_shim_on_use_helper
                0x0000000010007734       0x2c CMakeFiles/CAN_Rx.dir/home/louati/pico/pico/pico-sdk/src/rp2_common/pico_float/float_v1_rom_shim.S.obj
                0x0000000010007734                float_table_shim_on_use_helper
 .text.__wrap_malloc
                0x0000000010007760        0x8 CMakeFiles/CAN_Rx.dir/home/louati/pico/pico/pico-sdk/src/rp2_common/pico_malloc/pico_malloc.c.obj
                0x0000000010007760                __wrap_malloc
 .text.__wrap_calloc
                0x0000000010007768        0x8 CMakeFiles/CAN_Rx.dir/home/louati/pico/pico/pico-sdk/src/rp2_common/pico_malloc/pico_malloc.c.obj
                0x0000000010007768                __wrap_calloc
 .text          0x0000000010007770       0x10 CMakeFiles/CAN_Rx.dir/home/louati/pico/pico/pico-sdk/src/rp2_common/pico_mem_ops/mem_ops_aeabi.S.obj
                0x0000000010007770                __aeabi_mem_init
 .text.memset   0x0000000010007780        0xc CMakeFiles/CAN_Rx.dir/home/louati/pico/pico/pico-sdk/src/rp2_common/pico_mem_ops/mem_ops_aeabi.S.obj
                0x0000000010007780                __wrap_memset
 .text.memcpy   0x000000001000778c        0xc CMakeFiles/CAN_Rx.dir/home/louati/pico/pico/pico-sdk/src/rp2_common/pico_mem_ops/mem_ops_aeabi.S.obj
                0x000000001000778c                __wrap___aeabi_memcpy
                0x000000001000778c                __wrap_memcpy
 .text.stdio_out_chars_crlf
                0x0000000010007798       0xbc CMakeFiles/CAN_Rx.dir/home/louati/pico/pico/pico-sdk/src/rp2_common/pico_stdio/stdio.c.obj
 .text.stdio_buffered_printer
                0x0000000010007854       0x64 CMakeFiles/CAN_Rx.dir/home/louati/pico/pico/pico-sdk/src/rp2_common/pico_stdio/stdio.c.obj
 .text.__wrap_puts
                0x00000000100078b8      0x104 CMakeFiles/CAN_Rx.dir/home/louati/pico/pico/pico-sdk/src/rp2_common/pico_stdio/stdio.c.obj
                0x00000000100078b8                __wrap_puts
 .text._read    0x00000000100079bc       0x84 CMakeFiles/CAN_Rx.dir/home/louati/pico/pico/pico-sdk/src/rp2_common/pico_stdio/stdio.c.obj
                0x00000000100079bc                _read
 .text._write   0x0000000010007a40       0xa8 CMakeFiles/CAN_Rx.dir/home/louati/pico/pico/pico-sdk/src/rp2_common/pico_stdio/stdio.c.obj
                0x0000000010007a40                _write
 .text.stdio_set_driver_enabled
                0x0000000010007ae8       0x3c CMakeFiles/CAN_Rx.dir/home/louati/pico/pico/pico-sdk/src/rp2_common/pico_stdio/stdio.c.obj
                0x0000000010007ae8                stdio_set_driver_enabled
 .text.__wrap_vprintf
                0x0000000010007b24       0xd0 CMakeFiles/CAN_Rx.dir/home/louati/pico/pico/pico-sdk/src/rp2_common/pico_stdio/stdio.c.obj
                0x0000000010007b24                __wrap_vprintf
 .text.__wrap_printf
                0x0000000010007bf4       0x18 CMakeFiles/CAN_Rx.dir/home/louati/pico/pico/pico-sdk/src/rp2_common/pico_stdio/stdio.c.obj
                0x0000000010007bf4                __wrap_printf
 .text.stdio_init_all
                0x0000000010007c0c        0x8 CMakeFiles/CAN_Rx.dir/home/louati/pico/pico/pico-sdk/src/rp2_common/pico_stdio/stdio.c.obj
                0x0000000010007c0c                stdio_init_all
 .text.stdio_usb_in_chars
                0x0000000010007c14       0x68 CMakeFiles/CAN_Rx.dir/home/louati/pico/pico/pico-sdk/src/rp2_common/pico_stdio_usb/stdio_usb.c.obj
                0x0000000010007c14                stdio_usb_in_chars
 .text.timer_task
                0x0000000010007c7c       0x10 CMakeFiles/CAN_Rx.dir/home/louati/pico/pico/pico-sdk/src/rp2_common/pico_stdio_usb/stdio_usb.c.obj
 .text.low_priority_worker_irq
                0x0000000010007c8c       0x20 CMakeFiles/CAN_Rx.dir/home/louati/pico/pico/pico-sdk/src/rp2_common/pico_stdio_usb/stdio_usb.c.obj
 .text.stdio_usb_out_chars
                0x0000000010007cac       0xf0 CMakeFiles/CAN_Rx.dir/home/louati/pico/pico/pico-sdk/src/rp2_common/pico_stdio_usb/stdio_usb.c.obj
 .text.stdio_usb_init
                0x0000000010007d9c       0x8c CMakeFiles/CAN_Rx.dir/home/louati/pico/pico/pico-sdk/src/rp2_common/pico_stdio_usb/stdio_usb.c.obj
                0x0000000010007d9c                stdio_usb_init
 .text.tud_descriptor_device_cb
                0x0000000010007e28        0x8 CMakeFiles/CAN_Rx.dir/home/louati/pico/pico/pico-sdk/src/rp2_common/pico_stdio_usb/stdio_usb_descriptors.c.obj
                0x0000000010007e28                tud_descriptor_device_cb
 .text.tud_descriptor_configuration_cb
                0x0000000010007e30        0x8 CMakeFiles/CAN_Rx.dir/home/louati/pico/pico/pico-sdk/src/rp2_common/pico_stdio_usb/stdio_usb_descriptors.c.obj
                0x0000000010007e30                tud_descriptor_configuration_cb
 .text.tud_descriptor_string_cb
                0x0000000010007e38       0x5c CMakeFiles/CAN_Rx.dir/home/louati/pico/pico/pico-sdk/src/rp2_common/pico_stdio_usb/stdio_usb_descriptors.c.obj
                0x0000000010007e38                tud_descriptor_string_cb
 .text.dcd_rp2040_irq
                0x0000000010007e94      0x134 CMakeFiles/CAN_Rx.dir/home/louati/pico/pico/pico-sdk/lib/tinyusb/src/portable/raspberrypi/rp2040/dcd_rp2040.c.obj
 .text.dcd_int_enable
                0x0000000010007fc8        0xc CMakeFiles/CAN_Rx.dir/home/louati/pico/pico/pico-sdk/lib/tinyusb/src/portable/raspberrypi/rp2040/dcd_rp2040.c.obj
                0x0000000010007fc8                dcd_int_enable
 .text.dcd_set_address
                0x0000000010007fd4       0x30 CMakeFiles/CAN_Rx.dir/home/louati/pico/pico/pico-sdk/lib/tinyusb/src/portable/raspberrypi/rp2040/dcd_rp2040.c.obj
                0x0000000010007fd4                dcd_set_address
 .text.dcd_connect
                0x0000000010008004       0x10 CMakeFiles/CAN_Rx.dir/home/louati/pico/pico/pico-sdk/lib/tinyusb/src/portable/raspberrypi/rp2040/dcd_rp2040.c.obj
                0x0000000010008004                dcd_connect
 .text.dcd_init
                0x0000000010008014       0xac CMakeFiles/CAN_Rx.dir/home/louati/pico/pico/pico-sdk/lib/tinyusb/src/portable/raspberrypi/rp2040/dcd_rp2040.c.obj
                0x0000000010008014                dcd_init
 .text.dcd_edpt0_status_complete
                0x00000000100080c0       0x38 CMakeFiles/CAN_Rx.dir/home/louati/pico/pico/pico-sdk/lib/tinyusb/src/portable/raspberrypi/rp2040/dcd_rp2040.c.obj
                0x00000000100080c0                dcd_edpt0_status_complete
 .text.dcd_edpt_open
                0x00000000100080f8      0x150 CMakeFiles/CAN_Rx.dir/home/louati/pico/pico/pico-sdk/lib/tinyusb/src/portable/raspberrypi/rp2040/dcd_rp2040.c.obj
                0x00000000100080f8                dcd_edpt_open
 .text.dcd_edpt_xfer
                0x0000000010008248       0x2c CMakeFiles/CAN_Rx.dir/home/louati/pico/pico/pico-sdk/lib/tinyusb/src/portable/raspberrypi/rp2040/dcd_rp2040.c.obj
                0x0000000010008248                dcd_edpt_xfer
 .text.dcd_edpt_stall
                0x0000000010008274       0x50 CMakeFiles/CAN_Rx.dir/home/louati/pico/pico/pico-sdk/lib/tinyusb/src/portable/raspberrypi/rp2040/dcd_rp2040.c.obj
                0x0000000010008274                dcd_edpt_stall
 .text.dcd_edpt_clear_stall
                0x00000000100082c4       0x50 CMakeFiles/CAN_Rx.dir/home/louati/pico/pico/pico-sdk/lib/tinyusb/src/portable/raspberrypi/rp2040/dcd_rp2040.c.obj
                0x00000000100082c4                dcd_edpt_clear_stall
 .text.rp2040_usb_init
                0x0000000010008314       0x50 CMakeFiles/CAN_Rx.dir/home/louati/pico/pico/pico-sdk/lib/tinyusb/src/portable/raspberrypi/rp2040/rp2040_usb.c.obj
                0x0000000010008314                rp2040_usb_init
 .text.hw_endpoint_reset_transfer
                0x0000000010008364       0x14 CMakeFiles/CAN_Rx.dir/home/louati/pico/pico/pico-sdk/lib/tinyusb/src/portable/raspberrypi/rp2040/rp2040_usb.c.obj
                0x0000000010008364                hw_endpoint_reset_transfer
 .text._hw_endpoint_buffer_control_update32
                0x0000000010008378       0x54 CMakeFiles/CAN_Rx.dir/home/louati/pico/pico/pico-sdk/lib/tinyusb/src/portable/raspberrypi/rp2040/rp2040_usb.c.obj
                0x0000000010008378                _hw_endpoint_buffer_control_update32
 .text._hw_endpoint_xfer_continue
                0x00000000100083cc      0x120 CMakeFiles/CAN_Rx.dir/home/louati/pico/pico/pico-sdk/lib/tinyusb/src/portable/raspberrypi/rp2040/rp2040_usb.c.obj
                0x00000000100083cc                _hw_endpoint_xfer_continue
 .text._hw_endpoint_xfer
                0x00000000100084ec      0x1b8 CMakeFiles/CAN_Rx.dir/home/louati/pico/pico/pico-sdk/lib/tinyusb/src/portable/raspberrypi/rp2040/rp2040_usb.c.obj
                0x00000000100084ec                _hw_endpoint_xfer
 .text.tud_mounted
                0x00000000100086a4       0x10 CMakeFiles/CAN_Rx.dir/home/louati/pico/pico/pico-sdk/lib/tinyusb/src/device/usbd.c.obj
                0x00000000100086a4                tud_mounted
 .text.tud_suspended
                0x00000000100086b4       0x10 CMakeFiles/CAN_Rx.dir/home/louati/pico/pico/pico-sdk/lib/tinyusb/src/device/usbd.c.obj
                0x00000000100086b4                tud_suspended
 .text.tud_init
                0x00000000100086c4       0xb8 CMakeFiles/CAN_Rx.dir/home/louati/pico/pico/pico-sdk/lib/tinyusb/src/device/usbd.c.obj
                0x00000000100086c4                tud_init
 .text.tud_task
                0x000000001000877c      0x848 CMakeFiles/CAN_Rx.dir/home/louati/pico/pico/pico-sdk/lib/tinyusb/src/device/usbd.c.obj
                0x000000001000877c                tud_task
 .text.dcd_event_bus_signal
                0x0000000010008fc4       0xe0 CMakeFiles/CAN_Rx.dir/home/louati/pico/pico/pico-sdk/lib/tinyusb/src/device/usbd.c.obj
                0x0000000010008fc4                dcd_event_bus_signal
 .text.dcd_event_setup_received
                0x00000000100090a4       0x5c CMakeFiles/CAN_Rx.dir/home/louati/pico/pico/pico-sdk/lib/tinyusb/src/device/usbd.c.obj
                0x00000000100090a4                dcd_event_setup_received
 .text.dcd_event_xfer_complete
                0x0000000010009100       0x68 CMakeFiles/CAN_Rx.dir/home/louati/pico/pico/pico-sdk/lib/tinyusb/src/device/usbd.c.obj
                0x0000000010009100                dcd_event_xfer_complete
 .text.usbd_open_edpt_pair
                0x0000000010009168       0x7c CMakeFiles/CAN_Rx.dir/home/louati/pico/pico/pico-sdk/lib/tinyusb/src/device/usbd.c.obj
                0x0000000010009168                usbd_open_edpt_pair
 .text.usbd_edpt_open
                0x00000000100091e4        0x8 CMakeFiles/CAN_Rx.dir/home/louati/pico/pico/pico-sdk/lib/tinyusb/src/device/usbd.c.obj
                0x00000000100091e4                usbd_edpt_open
 .text.usbd_edpt_claim
                0x00000000100091ec       0x5c CMakeFiles/CAN_Rx.dir/home/louati/pico/pico/pico-sdk/lib/tinyusb/src/device/usbd.c.obj
                0x00000000100091ec                usbd_edpt_claim
 .text.usbd_edpt_release
                0x0000000010009248       0x4c CMakeFiles/CAN_Rx.dir/home/louati/pico/pico/pico-sdk/lib/tinyusb/src/device/usbd.c.obj
                0x0000000010009248                usbd_edpt_release
 .text.usbd_edpt_xfer
                0x0000000010009294       0x48 CMakeFiles/CAN_Rx.dir/home/louati/pico/pico/pico-sdk/lib/tinyusb/src/device/usbd.c.obj
                0x0000000010009294                usbd_edpt_xfer
 .text.tud_control_status
                0x00000000100092dc       0x30 CMakeFiles/CAN_Rx.dir/home/louati/pico/pico/pico-sdk/lib/tinyusb/src/device/usbd_control.c.obj
                0x00000000100092dc                tud_control_status
 .text.tud_control_xfer
                0x000000001000930c       0xac CMakeFiles/CAN_Rx.dir/home/louati/pico/pico/pico-sdk/lib/tinyusb/src/device/usbd_control.c.obj
                0x000000001000930c                tud_control_xfer
 .text.usbd_control_reset
                0x00000000100093b8       0x14 CMakeFiles/CAN_Rx.dir/home/louati/pico/pico/pico-sdk/lib/tinyusb/src/device/usbd_control.c.obj
                0x00000000100093b8                usbd_control_reset
 .text.usbd_control_set_complete_callback
                0x00000000100093cc        0xc CMakeFiles/CAN_Rx.dir/home/louati/pico/pico/pico-sdk/lib/tinyusb/src/device/usbd_control.c.obj
                0x00000000100093cc                usbd_control_set_complete_callback
 .text.usbd_control_set_request
                0x00000000100093d8       0x1c CMakeFiles/CAN_Rx.dir/home/louati/pico/pico/pico-sdk/lib/tinyusb/src/device/usbd_control.c.obj
                0x00000000100093d8                usbd_control_set_request
 .text.usbd_control_xfer_cb
                0x00000000100093f4       0xe8 CMakeFiles/CAN_Rx.dir/home/louati/pico/pico/pico-sdk/lib/tinyusb/src/device/usbd_control.c.obj
                0x00000000100093f4                usbd_control_xfer_cb
 .text.tud_cdc_n_connected
                0x00000000100094dc       0x30 CMakeFiles/CAN_Rx.dir/home/louati/pico/pico/pico-sdk/lib/tinyusb/src/class/cdc/cdc_device.c.obj
                0x00000000100094dc                tud_cdc_n_connected
 .text.tud_cdc_n_available
                0x000000001000950c       0x1c CMakeFiles/CAN_Rx.dir/home/louati/pico/pico/pico-sdk/lib/tinyusb/src/class/cdc/cdc_device.c.obj
                0x000000001000950c                tud_cdc_n_available
 .text.tud_cdc_n_read
                0x0000000010009528       0x70 CMakeFiles/CAN_Rx.dir/home/louati/pico/pico/pico-sdk/lib/tinyusb/src/class/cdc/cdc_device.c.obj
                0x0000000010009528                tud_cdc_n_read
 .text.tud_cdc_n_write
                0x0000000010009598       0xa8 CMakeFiles/CAN_Rx.dir/home/louati/pico/pico/pico-sdk/lib/tinyusb/src/class/cdc/cdc_device.c.obj
                0x0000000010009598                tud_cdc_n_write
 .text.tud_cdc_n_write_flush
                0x0000000010009640       0x94 CMakeFiles/CAN_Rx.dir/home/louati/pico/pico/pico-sdk/lib/tinyusb/src/class/cdc/cdc_device.c.obj
                0x0000000010009640                tud_cdc_n_write_flush
 .text.tud_cdc_n_write_available
                0x00000000100096d4       0x1c CMakeFiles/CAN_Rx.dir/home/louati/pico/pico/pico-sdk/lib/tinyusb/src/class/cdc/cdc_device.c.obj
                0x00000000100096d4                tud_cdc_n_write_available
 .text.cdcd_init
                0x00000000100096f0       0x78 CMakeFiles/CAN_Rx.dir/home/louati/pico/pico/pico-sdk/lib/tinyusb/src/class/cdc/cdc_device.c.obj
                0x00000000100096f0                cdcd_init
 .text.cdcd_reset
                0x0000000010009768       0x24 CMakeFiles/CAN_Rx.dir/home/louati/pico/pico/pico-sdk/lib/tinyusb/src/class/cdc/cdc_device.c.obj
                0x0000000010009768                cdcd_reset
 .text.cdcd_open
                0x000000001000978c       0xec CMakeFiles/CAN_Rx.dir/home/louati/pico/pico/pico-sdk/lib/tinyusb/src/class/cdc/cdc_device.c.obj
                0x000000001000978c                cdcd_open
 .text.cdcd_control_complete
                0x0000000010009878       0x44 CMakeFiles/CAN_Rx.dir/home/louati/pico/pico/pico-sdk/lib/tinyusb/src/class/cdc/cdc_device.c.obj
                0x0000000010009878                cdcd_control_complete
 .text.cdcd_control_request
                0x00000000100098bc       0x80 CMakeFiles/CAN_Rx.dir/home/louati/pico/pico/pico-sdk/lib/tinyusb/src/class/cdc/cdc_device.c.obj
                0x00000000100098bc                cdcd_control_request
 .text.cdcd_xfer_cb
                0x000000001000993c      0x144 CMakeFiles/CAN_Rx.dir/home/louati/pico/pico/pico-sdk/lib/tinyusb/src/class/cdc/cdc_device.c.obj
                0x000000001000993c                cdcd_xfer_cb
 .text.tusb_init
                0x0000000010009a80       0x20 CMakeFiles/CAN_Rx.dir/home/louati/pico/pico/pico-sdk/lib/tinyusb/src/tusb.c.obj
                0x0000000010009a80                tusb_init
 .text.tusb_inited
                0x0000000010009aa0        0xc CMakeFiles/CAN_Rx.dir/home/louati/pico/pico/pico-sdk/lib/tinyusb/src/tusb.c.obj
                0x0000000010009aa0                tusb_inited
 .text.tu_fifo_config
                0x0000000010009aac       0x80 CMakeFiles/CAN_Rx.dir/home/louati/pico/pico/pico-sdk/lib/tinyusb/src/common/tusb_fifo.c.obj
                0x0000000010009aac                tu_fifo_config
 .text.tu_fifo_count
                0x0000000010009b2c       0x1c CMakeFiles/CAN_Rx.dir/home/louati/pico/pico/pico-sdk/lib/tinyusb/src/common/tusb_fifo.c.obj
                0x0000000010009b2c                tu_fifo_count
 .text.tu_fifo_remaining
                0x0000000010009b48       0x20 CMakeFiles/CAN_Rx.dir/home/louati/pico/pico/pico-sdk/lib/tinyusb/src/common/tusb_fifo.c.obj
                0x0000000010009b48                tu_fifo_remaining
 .text.tu_fifo_read
                0x0000000010009b68       0xb8 CMakeFiles/CAN_Rx.dir/home/louati/pico/pico/pico-sdk/lib/tinyusb/src/common/tusb_fifo.c.obj
                0x0000000010009b68                tu_fifo_read
 .text.tu_fifo_read_n
                0x0000000010009c20      0x108 CMakeFiles/CAN_Rx.dir/home/louati/pico/pico/pico-sdk/lib/tinyusb/src/common/tusb_fifo.c.obj
                0x0000000010009c20                tu_fifo_read_n
 .text.tu_fifo_write
                0x0000000010009d28       0x90 CMakeFiles/CAN_Rx.dir/home/louati/pico/pico/pico-sdk/lib/tinyusb/src/common/tusb_fifo.c.obj
                0x0000000010009d28                tu_fifo_write
 .text.tu_fifo_write_n
                0x0000000010009db8       0xfc CMakeFiles/CAN_Rx.dir/home/louati/pico/pico/pico-sdk/lib/tinyusb/src/common/tusb_fifo.c.obj
                0x0000000010009db8                tu_fifo_write_n
 .text.tu_fifo_clear
                0x0000000010009eb4       0x2c CMakeFiles/CAN_Rx.dir/home/louati/pico/pico/pico-sdk/lib/tinyusb/src/common/tusb_fifo.c.obj
                0x0000000010009eb4                tu_fifo_clear
 .text.pio_claim_unused_sm
                0x0000000010009ee0       0x3c CMakeFiles/CAN_Rx.dir/home/louati/pico/pico/pico-sdk/src/rp2_common/hardware_pio/pio.c.obj
                0x0000000010009ee0                pio_claim_unused_sm
 .text.pio_add_program
                0x0000000010009f1c       0xd0 CMakeFiles/CAN_Rx.dir/home/louati/pico/pico/pico-sdk/src/rp2_common/hardware_pio/pio.c.obj
                0x0000000010009f1c                pio_add_program
 .text.pio_sm_set_pins_with_mask
                0x0000000010009fec       0x80 CMakeFiles/CAN_Rx.dir/home/louati/pico/pico/pico-sdk/src/rp2_common/hardware_pio/pio.c.obj
                0x0000000010009fec                pio_sm_set_pins_with_mask
 .text.pio_sm_set_pindirs_with_mask
                0x000000001000a06c       0x84 CMakeFiles/CAN_Rx.dir/home/louati/pico/pico/pico-sdk/src/rp2_common/hardware_pio/pio.c.obj
                0x000000001000a06c                pio_sm_set_pindirs_with_mask
 .text.pio_sm_set_consecutive_pindirs
                0x000000001000a0f0       0x90 CMakeFiles/CAN_Rx.dir/home/louati/pico/pico/pico-sdk/src/rp2_common/hardware_pio/pio.c.obj
                0x000000001000a0f0                pio_sm_set_consecutive_pindirs
 .text.pio_sm_init
                0x000000001000a180       0x90 CMakeFiles/CAN_Rx.dir/home/louati/pico/pico/pico-sdk/src/rp2_common/hardware_pio/pio.c.obj
                0x000000001000a180                pio_sm_init
 .text.core1_trampoline
                0x000000001000a210        0x4 CMakeFiles/CAN_Rx.dir/home/louati/pico/pico/pico-sdk/src/rp2_common/pico_multicore/multicore.c.obj
 .text.core1_wrapper
                0x000000001000a214        0xc CMakeFiles/CAN_Rx.dir/home/louati/pico/pico/pico-sdk/src/rp2_common/pico_multicore/multicore.c.obj
                0x000000001000a214                core1_wrapper
 .text.multicore_fifo_push_blocking
                0x000000001000a220       0x14 CMakeFiles/CAN_Rx.dir/home/louati/pico/pico/pico-sdk/src/rp2_common/pico_multicore/multicore.c.obj
                0x000000001000a220                multicore_fifo_push_blocking
 .text.multicore_fifo_pop_blocking
                0x000000001000a234       0x1c CMakeFiles/CAN_Rx.dir/home/louati/pico/pico/pico-sdk/src/rp2_common/pico_multicore/multicore.c.obj
                0x000000001000a234                multicore_fifo_pop_blocking
 .text.multicore_launch_core1
                0x000000001000a250       0xac CMakeFiles/CAN_Rx.dir/home/louati/pico/pico/pico-sdk/src/rp2_common/pico_multicore/multicore.c.obj
                0x000000001000a250                multicore_launch_core1
 .text.calloc   0x000000001000a2fc       0x18 /opt/gcc-arm-none-eabi-6-2017-q2-update/bin/../lib/gcc/arm-none-eabi/6.3.1/../../../../arm-none-eabi/lib/thumb/v6-m/libc.a(lib_a-calloc.o)
                0x000000001000a2fc                calloc
 .text._calloc_r
                0x000000001000a314       0x58 /opt/gcc-arm-none-eabi-6-2017-q2-update/bin/../lib/gcc/arm-none-eabi/6.3.1/../../../../arm-none-eabi/lib/thumb/v6-m/libc.a(lib_a-callocr.o)
                0x000000001000a314                _calloc_r
 .text.malloc   0x000000001000a36c       0x14 /opt/gcc-arm-none-eabi-6-2017-q2-update/bin/../lib/gcc/arm-none-eabi/6.3.1/../../../../arm-none-eabi/lib/thumb/v6-m/libc.a(lib_a-malloc.o)
                0x000000001000a36c                malloc
 .text._malloc_r
                0x000000001000a380      0x568 /opt/gcc-arm-none-eabi-6-2017-q2-update/bin/../lib/gcc/arm-none-eabi/6.3.1/../../../../arm-none-eabi/lib/thumb/v6-m/libc.a(lib_a-mallocr.o)
                0x000000001000a380                _malloc_r
 .text.__malloc_lock
                0x000000001000a8e8       0x10 /opt/gcc-arm-none-eabi-6-2017-q2-update/bin/../lib/gcc/arm-none-eabi/6.3.1/../../../../arm-none-eabi/lib/thumb/v6-m/libc.a(lib_a-mlock.o)
                0x000000001000a8e8                __malloc_lock
 .text.__malloc_unlock
                0x000000001000a8f8       0x10 /opt/gcc-arm-none-eabi-6-2017-q2-update/bin/../lib/gcc/arm-none-eabi/6.3.1/../../../../arm-none-eabi/lib/thumb/v6-m/libc.a(lib_a-mlock.o)
                0x000000001000a8f8                __malloc_unlock
 .text._sbrk_r  0x000000001000a908       0x24 /opt/gcc-arm-none-eabi-6-2017-q2-update/bin/../lib/gcc/arm-none-eabi/6.3.1/../../../../arm-none-eabi/lib/thumb/v6-m/libc.a(lib_a-sbrkr.o)
                0x000000001000a908                _sbrk_r
 .text.strlen   0x000000001000a92c       0x64 /opt/gcc-arm-none-eabi-6-2017-q2-update/bin/../lib/gcc/arm-none-eabi/6.3.1/../../../../arm-none-eabi/lib/thumb/v6-m/libc.a(lib_a-strlen-stub.o)
                0x000000001000a92c                strlen
 .text.__swbuf_r
                0x000000001000a990       0xbc /opt/gcc-arm-none-eabi-6-2017-q2-update/bin/../lib/gcc/arm-none-eabi/6.3.1/../../../../arm-none-eabi/lib/thumb/v6-m/libc.a(lib_a-wbuf.o)
                0x000000001000a990                __swbuf_r
 .text.__swsetup_r
                0x000000001000aa4c       0xd4 /opt/gcc-arm-none-eabi-6-2017-q2-update/bin/../lib/gcc/arm-none-eabi/6.3.1/../../../../arm-none-eabi/lib/thumb/v6-m/libc.a(lib_a-wsetup.o)
                0x000000001000aa4c                __swsetup_r
 .text.__sflush_r
                0x000000001000ab20      0x150 /opt/gcc-arm-none-eabi-6-2017-q2-update/bin/../lib/gcc/arm-none-eabi/6.3.1/../../../../arm-none-eabi/lib/thumb/v6-m/libc.a(lib_a-fflush.o)
                0x000000001000ab20                __sflush_r
 .text._fflush_r
                0x000000001000ac70       0x54 /opt/gcc-arm-none-eabi-6-2017-q2-update/bin/../lib/gcc/arm-none-eabi/6.3.1/../../../../arm-none-eabi/lib/thumb/v6-m/libc.a(lib_a-fflush.o)
                0x000000001000ac70                _fflush_r
 .text._cleanup_r
                0x000000001000acc4       0x10 /opt/gcc-arm-none-eabi-6-2017-q2-update/bin/../lib/gcc/arm-none-eabi/6.3.1/../../../../arm-none-eabi/lib/thumb/v6-m/libc.a(lib_a-findfp.o)
                0x000000001000acc4                _cleanup_r
 .text.std.isra.0
                0x000000001000acd4       0x50 /opt/gcc-arm-none-eabi-6-2017-q2-update/bin/../lib/gcc/arm-none-eabi/6.3.1/../../../../arm-none-eabi/lib/thumb/v6-m/libc.a(lib_a-findfp.o)
 .text.__sinit  0x000000001000ad24       0x60 /opt/gcc-arm-none-eabi-6-2017-q2-update/bin/../lib/gcc/arm-none-eabi/6.3.1/../../../../arm-none-eabi/lib/thumb/v6-m/libc.a(lib_a-findfp.o)
                0x000000001000ad24                __sinit
 .text.__sfp_lock_acquire
                0x000000001000ad84       0x10 /opt/gcc-arm-none-eabi-6-2017-q2-update/bin/../lib/gcc/arm-none-eabi/6.3.1/../../../../arm-none-eabi/lib/thumb/v6-m/libc.a(lib_a-findfp.o)
                0x000000001000ad84                __sfp_lock_acquire
 .text.__sfp_lock_release
                0x000000001000ad94       0x10 /opt/gcc-arm-none-eabi-6-2017-q2-update/bin/../lib/gcc/arm-none-eabi/6.3.1/../../../../arm-none-eabi/lib/thumb/v6-m/libc.a(lib_a-findfp.o)
                0x000000001000ad94                __sfp_lock_release
 .text._malloc_trim_r
                0x000000001000ada4       0xa0 /opt/gcc-arm-none-eabi-6-2017-q2-update/bin/../lib/gcc/arm-none-eabi/6.3.1/../../../../arm-none-eabi/lib/thumb/v6-m/libc.a(lib_a-freer.o)
                0x000000001000ada4                _malloc_trim_r
 .text._free_r  0x000000001000ae44      0x1bc /opt/gcc-arm-none-eabi-6-2017-q2-update/bin/../lib/gcc/arm-none-eabi/6.3.1/../../../../arm-none-eabi/lib/thumb/v6-m/libc.a(lib_a-freer.o)
                0x000000001000ae44                _free_r
 .text._fwalk_reent
                0x000000001000b000       0x4c /opt/gcc-arm-none-eabi-6-2017-q2-update/bin/../lib/gcc/arm-none-eabi/6.3.1/../../../../arm-none-eabi/lib/thumb/v6-m/libc.a(lib_a-fwalk.o)
                0x000000001000b000                _fwalk_reent
 .text.__retarget_lock_init_recursive
                0x000000001000b04c        0x4 /opt/gcc-arm-none-eabi-6-2017-q2-update/bin/../lib/gcc/arm-none-eabi/6.3.1/../../../../arm-none-eabi/lib/thumb/v6-m/libc.a(lib_a-lock.o)
                0x000000001000b04c                __retarget_lock_init_recursive
 .text.__retarget_lock_close_recursive
                0x000000001000b050        0x4 /opt/gcc-arm-none-eabi-6-2017-q2-update/bin/../lib/gcc/arm-none-eabi/6.3.1/../../../../arm-none-eabi/lib/thumb/v6-m/libc.a(lib_a-lock.o)
                0x000000001000b050                __retarget_lock_close_recursive
 .text.__retarget_lock_acquire_recursive
                0x000000001000b054        0x4 /opt/gcc-arm-none-eabi-6-2017-q2-update/bin/../lib/gcc/arm-none-eabi/6.3.1/../../../../arm-none-eabi/lib/thumb/v6-m/libc.a(lib_a-lock.o)
                0x000000001000b054                __retarget_lock_acquire_recursive
 .text.__retarget_lock_release_recursive
                0x000000001000b058        0x4 /opt/gcc-arm-none-eabi-6-2017-q2-update/bin/../lib/gcc/arm-none-eabi/6.3.1/../../../../arm-none-eabi/lib/thumb/v6-m/libc.a(lib_a-lock.o)
                0x000000001000b058                __retarget_lock_release_recursive
 .text.__swhatbuf_r
                0x000000001000b05c       0x60 /opt/gcc-arm-none-eabi-6-2017-q2-update/bin/../lib/gcc/arm-none-eabi/6.3.1/../../../../arm-none-eabi/lib/thumb/v6-m/libc.a(lib_a-makebuf.o)
                0x000000001000b05c                __swhatbuf_r
 .text.__smakebuf_r
                0x000000001000b0bc       0x90 /opt/gcc-arm-none-eabi-6-2017-q2-update/bin/../lib/gcc/arm-none-eabi/6.3.1/../../../../arm-none-eabi/lib/thumb/v6-m/libc.a(lib_a-makebuf.o)
                0x000000001000b0bc                __smakebuf_r
 .text.__sread  0x000000001000b14c       0x28 /opt/gcc-arm-none-eabi-6-2017-q2-update/bin/../lib/gcc/arm-none-eabi/6.3.1/../../../../arm-none-eabi/lib/thumb/v6-m/libc.a(lib_a-stdio.o)
                0x000000001000b14c                __sread
 .text.__swrite
                0x000000001000b174       0x3c /opt/gcc-arm-none-eabi-6-2017-q2-update/bin/../lib/gcc/arm-none-eabi/6.3.1/../../../../arm-none-eabi/lib/thumb/v6-m/libc.a(lib_a-stdio.o)
                0x000000001000b174                __swrite
 .text.__sseek  0x000000001000b1b0       0x2c /opt/gcc-arm-none-eabi-6-2017-q2-update/bin/../lib/gcc/arm-none-eabi/6.3.1/../../../../arm-none-eabi/lib/thumb/v6-m/libc.a(lib_a-stdio.o)
                0x000000001000b1b0                __sseek
 .text.__sclose
                0x000000001000b1dc        0xc /opt/gcc-arm-none-eabi-6-2017-q2-update/bin/../lib/gcc/arm-none-eabi/6.3.1/../../../../arm-none-eabi/lib/thumb/v6-m/libc.a(lib_a-stdio.o)
                0x000000001000b1dc                __sclose
 .text._write_r
                0x000000001000b1e8       0x28 /opt/gcc-arm-none-eabi-6-2017-q2-update/bin/../lib/gcc/arm-none-eabi/6.3.1/../../../../arm-none-eabi/lib/thumb/v6-m/libc.a(lib_a-writer.o)
                0x000000001000b1e8                _write_r
 .text._close_r
                0x000000001000b210       0x24 /opt/gcc-arm-none-eabi-6-2017-q2-update/bin/../lib/gcc/arm-none-eabi/6.3.1/../../../../arm-none-eabi/lib/thumb/v6-m/libc.a(lib_a-closer.o)
                0x000000001000b210                _close_r
 .text._fclose_r
                0x000000001000b234       0xcc /opt/gcc-arm-none-eabi-6-2017-q2-update/bin/../lib/gcc/arm-none-eabi/6.3.1/../../../../arm-none-eabi/lib/thumb/v6-m/libc.a(lib_a-fclose.o)
                0x000000001000b234                _fclose_r
 .text._fstat_r
                0x000000001000b300       0x28 /opt/gcc-arm-none-eabi-6-2017-q2-update/bin/../lib/gcc/arm-none-eabi/6.3.1/../../../../arm-none-eabi/lib/thumb/v6-m/libc.a(lib_a-fstatr.o)
                0x000000001000b300                _fstat_r
 .text._isatty_r
                0x000000001000b328       0x24 /opt/gcc-arm-none-eabi-6-2017-q2-update/bin/../lib/gcc/arm-none-eabi/6.3.1/../../../../arm-none-eabi/lib/thumb/v6-m/libc.a(lib_a-isattyr.o)
                0x000000001000b328                _isatty_r
 .text._lseek_r
                0x000000001000b34c       0x28 /opt/gcc-arm-none-eabi-6-2017-q2-update/bin/../lib/gcc/arm-none-eabi/6.3.1/../../../../arm-none-eabi/lib/thumb/v6-m/libc.a(lib_a-lseekr.o)
                0x000000001000b34c                _lseek_r
 .text._read_r  0x000000001000b374       0x28 /opt/gcc-arm-none-eabi-6-2017-q2-update/bin/../lib/gcc/arm-none-eabi/6.3.1/../../../../arm-none-eabi/lib/thumb/v6-m/libc.a(lib_a-readr.o)
                0x000000001000b374                _read_r
 .text._close   0x000000001000b39c       0x10 /opt/gcc-arm-none-eabi-6-2017-q2-update/bin/../lib/gcc/arm-none-eabi/6.3.1/../../../../arm-none-eabi/lib/thumb/v6-m/libnosys.a(close.o)
                0x000000001000b39c                _close
 .text._fstat   0x000000001000b3ac       0x10 /opt/gcc-arm-none-eabi-6-2017-q2-update/bin/../lib/gcc/arm-none-eabi/6.3.1/../../../../arm-none-eabi/lib/thumb/v6-m/libnosys.a(fstat.o)
                0x000000001000b3ac                _fstat
 .text._isatty  0x000000001000b3bc       0x10 /opt/gcc-arm-none-eabi-6-2017-q2-update/bin/../lib/gcc/arm-none-eabi/6.3.1/../../../../arm-none-eabi/lib/thumb/v6-m/libnosys.a(isatty.o)
                0x000000001000b3bc                _isatty
 .text._lseek   0x000000001000b3cc       0x10 /opt/gcc-arm-none-eabi-6-2017-q2-update/bin/../lib/gcc/arm-none-eabi/6.3.1/../../../../arm-none-eabi/lib/thumb/v6-m/libnosys.a(lseek.o)
                0x000000001000b3cc                _lseek
 *(.fini)
 .fini          0x000000001000b3dc        0x4 /opt/gcc-arm-none-eabi-6-2017-q2-update/bin/../lib/gcc/arm-none-eabi/6.3.1/thumb/v6-m/crti.o
                0x000000001000b3dc                _fini
 .fini.__stub   0x000000001000b3e0       0x60 linker stubs
 *crtbegin.o(.ctors)
 *crtbegin?.o(.ctors)
 *(EXCLUDE_FILE(*crtend.o *crtend?.o) .ctors)
 *(SORT(.ctors.*))
 *(.ctors)
 *crtbegin.o(.dtors)
 *crtbegin?.o(.dtors)
 *(EXCLUDE_FILE(*crtend.o *crtend?.o) .dtors)
 *(SORT(.dtors.*))
 *(.dtors)
 *(.eh_frame*)
 .eh_frame      0x000000001000b440        0x0 /opt/gcc-arm-none-eabi-6-2017-q2-update/bin/../lib/gcc/arm-none-eabi/6.3.1/thumb/v6-m/crtbegin.o
                0x000000001000b440                . = ALIGN (0x4)

.glue_7         0x000000001000b440        0x0
 .glue_7        0x000000001000b440        0x0 linker stubs

.glue_7t        0x000000001000b440        0x0
 .glue_7t       0x000000001000b440        0x0 linker stubs

.vfp11_veneer   0x000000001000b440        0x0
 .vfp11_veneer  0x000000001000b440        0x0 linker stubs

.v4_bx          0x000000001000b440        0x0
 .v4_bx         0x000000001000b440        0x0 linker stubs

.iplt           0x000000001000b440        0x0
 .iplt          0x000000001000b440        0x0 /opt/gcc-arm-none-eabi-6-2017-q2-update/bin/../lib/gcc/arm-none-eabi/6.3.1/thumb/v6-m/crtbegin.o

.rodata         0x000000001000b440      0x6fc
 *(EXCLUDE_FILE(*libm.a: *libc.a:*lib_a-mem*.o *libgcc.a:) .rodata*)
 .rodata.CAN_Rx_program
                0x000000001000b440        0x6 CMakeFiles/CAN_Rx.dir/CAN_Rx.c.obj
 *fill*         0x000000001000b446        0x2 
 .rodata.CAN_Rx_program_instructions
                0x000000001000b448       0x38 CMakeFiles/CAN_Rx.dir/CAN_Rx.c.obj
 .rodata.CAN_TX_program
                0x000000001000b480        0x6 CMakeFiles/CAN_Rx.dir/CAN_Rx.c.obj
 *fill*         0x000000001000b486        0x2 
 .rodata.CAN_TX_program_instructions
                0x000000001000b488       0x2a CMakeFiles/CAN_Rx.dir/CAN_Rx.c.obj
 *fill*         0x000000001000b4b2        0x2 
 .rodata.main.str1.4
                0x000000001000b4b4       0x2b CMakeFiles/CAN_Rx.dir/CAN_Rx.c.obj
 *fill*         0x000000001000b4df        0x1 
 .rodata.CAN_RxData_Set_Frame.str1.4
                0x000000001000b4e0       0xff CMakeFiles/CAN_Rx.dir/CAN.c.obj
 *fill*         0x000000001000b5df        0x1 
 .rodata.spin_lock_claim_unused.str1.4
                0x000000001000b5e0       0x1b CMakeFiles/CAN_Rx.dir/home/louati/pico/pico/pico-sdk/src/rp2_common/hardware_sync/sync.c.obj
 *fill*         0x000000001000b5fb        0x5 
 .rodata.at_the_end_of_time
                0x000000001000b600        0x8 CMakeFiles/CAN_Rx.dir/home/louati/pico/pico/pico-sdk/src/common/pico_time/time.c.obj
                0x000000001000b600                at_the_end_of_time
 .rodata.hardware_alarm_claim.str1.4
                0x000000001000b608       0x22 CMakeFiles/CAN_Rx.dir/home/louati/pico/pico/pico-sdk/src/rp2_common/hardware_timer/timer.c.obj
 *fill*         0x000000001000b62a        0x2 
 .rodata.hard_assertion_failure.str1.4
                0x000000001000b62c        0xc CMakeFiles/CAN_Rx.dir/home/louati/pico/pico/pico-sdk/src/rp2_common/pico_runtime/runtime.c.obj
 .rodata.panic.str1.4
                0x000000001000b638       0x12 CMakeFiles/CAN_Rx.dir/home/louati/pico/pico/pico-sdk/src/rp2_common/pico_runtime/runtime.c.obj
 *fill*         0x000000001000b64a        0x2 
 .rodata._vsnprintf
                0x000000001000b64c      0x1e0 CMakeFiles/CAN_Rx.dir/home/louati/pico/pico/pico-sdk/src/rp2_common/pico_printf/printf.c.obj
 .rodata._ftoa.str1.4
                0x000000001000b82c       0x15 CMakeFiles/CAN_Rx.dir/home/louati/pico/pico/pico-sdk/src/rp2_common/pico_printf/printf.c.obj
 *fill*         0x000000001000b841        0x7 
 .rodata.pow10.5367
                0x000000001000b848       0x50 CMakeFiles/CAN_Rx.dir/home/louati/pico/pico/pico-sdk/src/rp2_common/pico_printf/printf.c.obj
 .rodata.__bi_40
                0x000000001000b898        0xc CMakeFiles/CAN_Rx.dir/home/louati/pico/pico/pico-sdk/src/rp2_common/pico_standard_link/binary_info.c.obj
 .rodata.__bi_71
                0x000000001000b8a4        0xc CMakeFiles/CAN_Rx.dir/home/louati/pico/pico/pico-sdk/src/rp2_common/pico_standard_link/binary_info.c.obj
 .rodata.str1.4
                0x000000001000b8b0       0x2c CMakeFiles/CAN_Rx.dir/home/louati/pico/pico/pico-sdk/src/rp2_common/pico_standard_link/binary_info.c.obj
 .rodata.crlf_str.5739
                0x000000001000b8dc        0x2 CMakeFiles/CAN_Rx.dir/home/louati/pico/pico/pico-sdk/src/rp2_common/pico_stdio/stdio.c.obj
 *fill*         0x000000001000b8de        0x2 
 .rodata.__bi_93.6902
                0x000000001000b8e0        0xc CMakeFiles/CAN_Rx.dir/home/louati/pico/pico/pico-sdk/src/rp2_common/pico_stdio_usb/stdio_usb.c.obj
 .rodata.str1.4
                0x000000001000b8ec       0x13 CMakeFiles/CAN_Rx.dir/home/louati/pico/pico/pico-sdk/src/rp2_common/pico_stdio_usb/stdio_usb.c.obj
 *fill*         0x000000001000b8ff        0x1 
 .rodata.str1.4
                0x000000001000b900       0x32 CMakeFiles/CAN_Rx.dir/home/louati/pico/pico/pico-sdk/src/rp2_common/pico_stdio_usb/stdio_usb_descriptors.c.obj
 *fill*         0x000000001000b932        0x2 
 .rodata.usbd_desc_cfg
                0x000000001000b934       0x4b CMakeFiles/CAN_Rx.dir/home/louati/pico/pico/pico-sdk/src/rp2_common/pico_stdio_usb/stdio_usb_descriptors.c.obj
 *fill*         0x000000001000b97f        0x1 
 .rodata.usbd_desc_device
                0x000000001000b980       0x12 CMakeFiles/CAN_Rx.dir/home/louati/pico/pico/pico-sdk/src/rp2_common/pico_stdio_usb/stdio_usb_descriptors.c.obj
 *fill*         0x000000001000b992        0x2 
 .rodata.usbd_desc_str
                0x000000001000b994       0x14 CMakeFiles/CAN_Rx.dir/home/louati/pico/pico/pico-sdk/src/rp2_common/pico_stdio_usb/stdio_usb_descriptors.c.obj
 .rodata.dcd_edpt_open.str1.4
                0x000000001000b9a8       0x28 CMakeFiles/CAN_Rx.dir/home/louati/pico/pico/pico-sdk/lib/tinyusb/src/portable/raspberrypi/rp2040/dcd_rp2040.c.obj
 .rodata.dcd_rp2040_irq.str1.4
                0x000000001000b9d0       0x14 CMakeFiles/CAN_Rx.dir/home/louati/pico/pico/pico-sdk/lib/tinyusb/src/portable/raspberrypi/rp2040/dcd_rp2040.c.obj
 .rodata._hw_endpoint_buffer_control_update32.str1.4
                0x000000001000b9e4       0x1f CMakeFiles/CAN_Rx.dir/home/louati/pico/pico/pico-sdk/lib/tinyusb/src/portable/raspberrypi/rp2040/rp2040_usb.c.obj
 *fill*         0x000000001000ba03        0x1 
 .rodata._hw_endpoint_xfer_continue.str1.4
                0x000000001000ba04       0x50 CMakeFiles/CAN_Rx.dir/home/louati/pico/pico/pico-sdk/lib/tinyusb/src/portable/raspberrypi/rp2040/rp2040_usb.c.obj
 .rodata.str1.4
                0x000000001000ba54        0x7 CMakeFiles/CAN_Rx.dir/home/louati/pico/pico/pico-sdk/lib/tinyusb/src/portable/raspberrypi/rp2040/rp2040_usb.c.obj
 *fill*         0x000000001000ba5b        0x1 
 .rodata.tud_task
                0x000000001000ba5c       0x8c CMakeFiles/CAN_Rx.dir/home/louati/pico/pico/pico-sdk/lib/tinyusb/src/device/usbd.c.obj
 .rodata._usbd_driver
                0x000000001000bae8       0x1c CMakeFiles/CAN_Rx.dir/home/louati/pico/pico/pico-sdk/lib/tinyusb/src/device/usbd.c.obj
 .rodata.pio_add_program.str1.4
                0x000000001000bb04       0x11 CMakeFiles/CAN_Rx.dir/home/louati/pico/pico/pico-sdk/src/rp2_common/hardware_pio/pio.c.obj
 *fill*         0x000000001000bb15        0x3 
 .rodata.pio_claim_unused_sm.str1.4
                0x000000001000bb18       0x24 CMakeFiles/CAN_Rx.dir/home/louati/pico/pico/pico-sdk/src/rp2_common/hardware_pio/pio.c.obj
                0x000000001000bb3c                . = ALIGN (0x4)
 *(SORT(.flashdata*))
                0x000000001000bb3c                . = ALIGN (0x4)

.rel.dyn        0x000000001000bb3c        0x0
 .rel.iplt      0x000000001000bb3c        0x0 /opt/gcc-arm-none-eabi-6-2017-q2-update/bin/../lib/gcc/arm-none-eabi/6.3.1/thumb/v6-m/crtbegin.o

.ARM.extab
 *(.ARM.extab* .gnu.linkonce.armextab.*)
                0x000000001000bb3c                __exidx_start = .

.ARM.exidx
 *(.ARM.exidx* .gnu.linkonce.armexidx.*)
                0x000000001000bb3c                __exidx_end = .
                0x000000001000bb3c                . = ALIGN (0x4)
                0x000000001000bb3c                __binary_info_start = .

.binary_info    0x000000001000bb3c       0x1c
 *(.binary_info.keep.*)
 .binary_info.keep.__bi_ptr18
                0x000000001000bb3c        0x4 CMakeFiles/CAN_Rx.dir/home/louati/pico/pico/pico-sdk/src/rp2_common/pico_standard_link/binary_info.c.obj
 .binary_info.keep.__bi_ptr26
                0x000000001000bb40        0x4 CMakeFiles/CAN_Rx.dir/home/louati/pico/pico/pico-sdk/src/rp2_common/pico_standard_link/binary_info.c.obj
 .binary_info.keep.__bi_ptr34
                0x000000001000bb44        0x4 CMakeFiles/CAN_Rx.dir/home/louati/pico/pico/pico-sdk/src/rp2_common/pico_standard_link/binary_info.c.obj
 .binary_info.keep.__bi_ptr40
                0x000000001000bb48        0x4 CMakeFiles/CAN_Rx.dir/home/louati/pico/pico/pico-sdk/src/rp2_common/pico_standard_link/binary_info.c.obj
 .binary_info.keep.__bi_ptr46
                0x000000001000bb4c        0x4 CMakeFiles/CAN_Rx.dir/home/louati/pico/pico/pico-sdk/src/rp2_common/pico_standard_link/binary_info.c.obj
 .binary_info.keep.__bi_ptr71
                0x000000001000bb50        0x4 CMakeFiles/CAN_Rx.dir/home/louati/pico/pico/pico-sdk/src/rp2_common/pico_standard_link/binary_info.c.obj
 *(.binary_info.*)
 .binary_info.__bi_ptr93
                0x000000001000bb54        0x4 CMakeFiles/CAN_Rx.dir/home/louati/pico/pico/pico-sdk/src/rp2_common/pico_stdio_usb/stdio_usb.c.obj
                0x000000001000bb58                __binary_info_end = .
                0x000000001000bb58                . = ALIGN (0x4)
                0x000000001000bb58                __etext = .

.ram_vector_table
                0x0000000020000000       0xc0
 *(.ram_vector_table)
 .ram_vector_table
                0x0000000020000000       0xc0 CMakeFiles/CAN_Rx.dir/home/louati/pico/pico/pico-sdk/src/rp2_common/pico_runtime/runtime.c.obj
                0x0000000020000000                ram_vector_table

.data           0x00000000200000c0      0xa94 load address 0x000000001000bb58
                0x00000000200000c0                __data_start__ = .
 *(vtable)
 *(.time_critical*)
 .time_critical.mutex_enter_blocking
                0x00000000200000c0       0x48 CMakeFiles/CAN_Rx.dir/home/louati/pico/pico/pico-sdk/src/common/pico_sync/mutex.c.obj
                0x00000000200000c0                mutex_enter_blocking
 .time_critical.mutex_try_enter
                0x0000000020000108       0x44 CMakeFiles/CAN_Rx.dir/home/louati/pico/pico/pico-sdk/src/common/pico_sync/mutex.c.obj
                0x0000000020000108                mutex_try_enter
 .time_critical.mutex_enter_timeout_ms
                0x000000002000014c       0x94 CMakeFiles/CAN_Rx.dir/home/louati/pico/pico/pico-sdk/src/common/pico_sync/mutex.c.obj
                0x000000002000014c                mutex_enter_timeout_ms
 .time_critical.mutex_exit
                0x00000000200001e0       0x28 CMakeFiles/CAN_Rx.dir/home/louati/pico/pico/pico-sdk/src/common/pico_sync/mutex.c.obj
                0x00000000200001e0                mutex_exit
 *(.text*)
 .text          0x0000000020000208        0x4 /opt/gcc-arm-none-eabi-6-2017-q2-update/bin/../lib/gcc/arm-none-eabi/6.3.1/thumb/v6-m/libgcc.a(_dvmd_tls.o)
                0x0000000020000208                __aeabi_ldiv0
                0x0000000020000208                __aeabi_idiv0
 *fill*         0x000000002000020c        0x4 
 .text.__stub   0x0000000020000210       0x30 linker stubs
                0x0000000020000240                . = ALIGN (0x4)
 *(.rodata*)
                0x0000000020000240                . = ALIGN (0x4)
 *(.data*)
 .data.LastReceived
                0x0000000020000240        0x4 CMakeFiles/CAN_Rx.dir/CAN_Rx.c.obj
                0x0000000020000240                LastReceived
 .data.DivisorPoly
                0x0000000020000244        0x4 CMakeFiles/CAN_Rx.dir/CAN.c.obj
                0x0000000020000244                DivisorPoly
 .data.ZeroCount
                0x0000000020000248        0x4 CMakeFiles/CAN_Rx.dir/CAN.c.obj
 .data.striped_spin_lock_num
                0x000000002000024c        0x1 CMakeFiles/CAN_Rx.dir/home/louati/pico/pico/pico-sdk/src/rp2_common/hardware_sync/sync.c.obj
 *fill*         0x000000002000024d        0x3 
 .data          0x0000000020000250       0x48 CMakeFiles/CAN_Rx.dir/home/louati/pico/pico/pico-sdk/src/rp2_common/hardware_irq/irq_handler_chain.S.obj
                0x0000000020000250                irq_handler_chain_slots
                0x0000000020000280                irq_handler_chain_first_slot
                0x000000002000028a                irq_handler_chain_remove_tail
 *fill*         0x0000000020000298        0x8 
 .data.aeabi_bits_funcs
                0x00000000200002a0       0x10 CMakeFiles/CAN_Rx.dir/home/louati/pico/pico/pico-sdk/src/rp2_common/pico_bit_ops/bit_ops_aeabi.S.obj
                0x00000000200002a0                aeabi_bits_funcs
                0x00000000200002b0                aeabi_bits_funcs_end
 .data.aeabi_mem_funcs
                0x00000000200002b0       0x10 CMakeFiles/CAN_Rx.dir/home/louati/pico/pico/pico-sdk/src/rp2_common/pico_mem_ops/mem_ops_aeabi.S.obj
                0x00000000200002b0                aeabi_mem_funcs
                0x00000000200002c0                aeabi_mem_funcs_end
 .data.stdio_usb
                0x00000000200002c0       0x14 CMakeFiles/CAN_Rx.dir/home/louati/pico/pico/pico-sdk/src/rp2_common/pico_stdio_usb/stdio_usb.c.obj
                0x00000000200002c0                stdio_usb
 .data.ep_dir_string
                0x00000000200002d4        0x8 CMakeFiles/CAN_Rx.dir/home/louati/pico/pico/pico-sdk/lib/tinyusb/src/portable/raspberrypi/rp2040/rp2040_usb.c.obj
                0x00000000200002d4                ep_dir_string
 .data._usbd_qdef
                0x00000000200002dc       0x20 CMakeFiles/CAN_Rx.dir/home/louati/pico/pico/pico-sdk/lib/tinyusb/src/device/usbd.c.obj
                0x00000000200002dc                _usbd_qdef
 .data._impure_ptr
                0x00000000200002fc        0x4 /opt/gcc-arm-none-eabi-6-2017-q2-update/bin/../lib/gcc/arm-none-eabi/6.3.1/../../../../arm-none-eabi/lib/thumb/v6-m/libc.a(lib_a-impure.o)
                0x00000000200002fc                _impure_ptr
 .data.impure_data
                0x0000000020000300      0x428 /opt/gcc-arm-none-eabi-6-2017-q2-update/bin/../lib/gcc/arm-none-eabi/6.3.1/../../../../arm-none-eabi/lib/thumb/v6-m/libc.a(lib_a-impure.o)
 .data.__malloc_av_
                0x0000000020000728      0x408 /opt/gcc-arm-none-eabi-6-2017-q2-update/bin/../lib/gcc/arm-none-eabi/6.3.1/../../../../arm-none-eabi/lib/thumb/v6-m/libc.a(lib_a-mallocr.o)
                0x0000000020000728                __malloc_av_
 .data.__malloc_sbrk_base
                0x0000000020000b30        0x4 /opt/gcc-arm-none-eabi-6-2017-q2-update/bin/../lib/gcc/arm-none-eabi/6.3.1/../../../../arm-none-eabi/lib/thumb/v6-m/libc.a(lib_a-mallocr.o)
                0x0000000020000b30                __malloc_sbrk_base
 .data.__malloc_trim_threshold
                0x0000000020000b34        0x4 /opt/gcc-arm-none-eabi-6-2017-q2-update/bin/../lib/gcc/arm-none-eabi/6.3.1/../../../../arm-none-eabi/lib/thumb/v6-m/libc.a(lib_a-mallocr.o)
                0x0000000020000b34                __malloc_trim_threshold
                0x0000000020000b38                . = ALIGN (0x4)
 *(.after_data.*)
                0x0000000020000b38                . = ALIGN (0x4)
                0x0000000020000b38                PROVIDE (__mutex_array_start, .)
 *(SORT(.mutex_array.*))
 *(.mutex_array)
 .mutex_array   0x0000000020000b38        0x8 CMakeFiles/CAN_Rx.dir/home/louati/pico/pico/pico-sdk/src/rp2_common/pico_stdio/stdio.c.obj
                0x0000000020000b40                PROVIDE (__mutex_array_end, .)
                0x0000000020000b40                . = ALIGN (0x4)
                0x0000000020000b40                PROVIDE (__preinit_array_start, .)
 *(SORT(.preinit_array.*))
 .preinit_array.00001
                0x0000000020000b40        0x4 CMakeFiles/CAN_Rx.dir/home/louati/pico/pico/pico-sdk/src/rp2_common/pico_mem_ops/mem_ops_aeabi.S.obj
 .preinit_array.00010
                0x0000000020000b44        0x4 CMakeFiles/CAN_Rx.dir/home/louati/pico/pico/pico-sdk/src/rp2_common/pico_bit_ops/bit_ops_aeabi.S.obj
 .preinit_array.00020
                0x0000000020000b48        0x4 CMakeFiles/CAN_Rx.dir/home/louati/pico/pico/pico-sdk/src/rp2_common/pico_double/double_aeabi.S.obj
 .preinit_array.00020
                0x0000000020000b4c        0x4 CMakeFiles/CAN_Rx.dir/home/louati/pico/pico/pico-sdk/src/rp2_common/pico_float/float_aeabi.S.obj
 *(.preinit_array)
                0x0000000020000b50                PROVIDE (__preinit_array_end, .)
                0x0000000020000b50                . = ALIGN (0x4)
                0x0000000020000b50                PROVIDE (__init_array_start, .)
 *(SORT(.init_array.*))
 *(.init_array)
 .init_array    0x0000000020000b50        0x4 /opt/gcc-arm-none-eabi-6-2017-q2-update/bin/../lib/gcc/arm-none-eabi/6.3.1/thumb/v6-m/crtbegin.o
                0x0000000020000b54                PROVIDE (__init_array_end, .)
                0x0000000020000b54                . = ALIGN (0x4)
                [!provide]                        PROVIDE (__fini_array_start, .)
 *(SORT(.fini_array.*))
 *(.fini_array)
                [!provide]                        PROVIDE (__fini_array_end, .)
 *(.jcr)
 .jcr           0x0000000020000b54        0x0 /opt/gcc-arm-none-eabi-6-2017-q2-update/bin/../lib/gcc/arm-none-eabi/6.3.1/thumb/v6-m/crtbegin.o
                0x0000000020000b54                . = ALIGN (0x4)
                0x0000000020000b54                __data_end__ = .

.igot.plt       0x0000000020000b54        0x0 load address 0x000000001000c5ec
 .igot.plt      0x0000000020000b54        0x0 /opt/gcc-arm-none-eabi-6-2017-q2-update/bin/../lib/gcc/arm-none-eabi/6.3.1/thumb/v6-m/crtbegin.o

.uninitialized_data
                0x0000000020000b54        0x0 load address 0x000000001000c5ec
                0x0000000020000b54                . = ALIGN (0x4)
 *(.uninitialized_data*)

.scratch_x      0x0000000020040000        0x0 load address 0x000000001000c5ec
                0x0000000020040000                __scratch_x_start__ = .
 *(.scratch_x.*)
                0x0000000020040000                . = ALIGN (0x4)
                0x0000000020040000                __scratch_x_end__ = .
                0x000000001000c5ec                __scratch_x_source__ = LOADADDR (.scratch_x)

.scratch_y      0x0000000020041000        0x0 load address 0x000000001000c5ec
                0x0000000020041000                __scratch_y_start__ = .
 *(.scratch_y.*)
                0x0000000020041000                . = ALIGN (0x4)
                0x0000000020041000                __scratch_y_end__ = .
                0x000000001000c5ec                __scratch_y_source__ = LOADADDR (.scratch_y)

.bss            0x0000000020000b58     0x1424
                0x0000000020000b58                . = ALIGN (0x4)
                0x0000000020000b58                __bss_start__ = .
 *(SORT(.bss*))
 .bss.last_avail_time.6881
                0x0000000020000b58        0x8 CMakeFiles/CAN_Rx.dir/home/louati/pico/pico/pico-sdk/src/rp2_common/pico_stdio_usb/stdio_usb.c.obj
 .bss           0x0000000020000b60       0x1c /opt/gcc-arm-none-eabi-6-2017-q2-update/bin/../lib/gcc/arm-none-eabi/6.3.1/thumb/v6-m/crtbegin.o
 .bss.OneCount  0x0000000020000b7c        0x4 CMakeFiles/CAN_Rx.dir/CAN.c.obj
 .bss.SetBitCount
                0x0000000020000b80        0x4 CMakeFiles/CAN_Rx.dir/CAN.c.obj
 .bss.__malloc_current_mallinfo
                0x0000000020000b84       0x28 /opt/gcc-arm-none-eabi-6-2017-q2-update/bin/../lib/gcc/arm-none-eabi/6.3.1/../../../../arm-none-eabi/lib/thumb/v6-m/libc.a(lib_a-mallocr.o)
                0x0000000020000b84                __malloc_current_mallinfo
 .bss.__malloc_max_sbrked_mem
                0x0000000020000bac        0x4 /opt/gcc-arm-none-eabi-6-2017-q2-update/bin/../lib/gcc/arm-none-eabi/6.3.1/../../../../arm-none-eabi/lib/thumb/v6-m/libc.a(lib_a-mallocr.o)
                0x0000000020000bac                __malloc_max_sbrked_mem
 .bss.__malloc_max_total_mem
                0x0000000020000bb0        0x4 /opt/gcc-arm-none-eabi-6-2017-q2-update/bin/../lib/gcc/arm-none-eabi/6.3.1/../../../../arm-none-eabi/lib/thumb/v6-m/libc.a(lib_a-mallocr.o)
                0x0000000020000bb0                __malloc_max_total_mem
 .bss.__malloc_top_pad
                0x0000000020000bb4        0x4 /opt/gcc-arm-none-eabi-6-2017-q2-update/bin/../lib/gcc/arm-none-eabi/6.3.1/../../../../arm-none-eabi/lib/thumb/v6-m/libc.a(lib_a-mallocr.o)
                0x0000000020000bb4                __malloc_top_pad
 .bss._app_driver
                0x0000000020000bb8        0x4 CMakeFiles/CAN_Rx.dir/home/louati/pico/pico/pico-sdk/lib/tinyusb/src/device/usbd.c.obj
 .bss._callbacks
                0x0000000020000bbc        0x8 CMakeFiles/CAN_Rx.dir/home/louati/pico/pico/pico-sdk/src/rp2_common/hardware_gpio/gpio.c.obj
 .bss._cdcd_itf
                0x0000000020000bc4      0x2d0 CMakeFiles/CAN_Rx.dir/home/louati/pico/pico/pico-sdk/lib/tinyusb/src/class/cdc/cdc_device.c.obj
 .bss._ctrl_xfer
                0x0000000020000e94       0x14 CMakeFiles/CAN_Rx.dir/home/louati/pico/pico/pico-sdk/lib/tinyusb/src/device/usbd_control.c.obj
 .bss._ubsd_mutexdef
                0x0000000020000ea8        0x8 CMakeFiles/CAN_Rx.dir/home/louati/pico/pico/pico-sdk/lib/tinyusb/src/device/usbd.c.obj
 .bss._usbd_ctrl_buf
                0x0000000020000eb0       0x40 CMakeFiles/CAN_Rx.dir/home/louati/pico/pico/pico-sdk/lib/tinyusb/src/device/usbd_control.c.obj
 .bss._usbd_dev
                0x0000000020000ef0       0x37 CMakeFiles/CAN_Rx.dir/home/louati/pico/pico/pico-sdk/lib/tinyusb/src/device/usbd.c.obj
 *fill*         0x0000000020000f27        0x1 
 .bss._usbd_mutex
                0x0000000020000f28        0x4 CMakeFiles/CAN_Rx.dir/home/louati/pico/pico/pico-sdk/lib/tinyusb/src/device/usbd.c.obj
 .bss._usbd_q   0x0000000020000f2c        0x4 CMakeFiles/CAN_Rx.dir/home/louati/pico/pico/pico-sdk/lib/tinyusb/src/device/usbd.c.obj
 .bss._used_instruction_space
                0x0000000020000f30        0x8 CMakeFiles/CAN_Rx.dir/home/louati/pico/pico/pico-sdk/src/rp2_common/hardware_pio/pio.c.obj
 .bss.achieveCRCDel
                0x0000000020000f38        0x4 CMakeFiles/CAN_Rx.dir/CAN.c.obj
 .bss.alarm_callbacks
                0x0000000020000f3c       0x10 CMakeFiles/CAN_Rx.dir/home/louati/pico/pico/pico-sdk/src/rp2_common/hardware_timer/timer.c.obj
 .bss.claimed   0x0000000020000f4c        0x4 CMakeFiles/CAN_Rx.dir/home/louati/pico/pico/pico-sdk/src/rp2_common/hardware_sync/sync.c.obj
 .bss.configured_freq
                0x0000000020000f50       0x28 CMakeFiles/CAN_Rx.dir/home/louati/pico/pico/pico-sdk/src/rp2_common/hardware_clocks/clocks.c.obj
 .bss.default_alarm_pool
                0x0000000020000f78        0x4 CMakeFiles/CAN_Rx.dir/home/louati/pico/pico/pico-sdk/src/common/pico_time/time.c.obj
 .bss.desc_str.6764
                0x0000000020000f7c       0x28 CMakeFiles/CAN_Rx.dir/home/louati/pico/pico/pico-sdk/src/rp2_common/pico_stdio_usb/stdio_usb_descriptors.c.obj
 .bss.drivers   0x0000000020000fa4        0x4 CMakeFiles/CAN_Rx.dir/home/louati/pico/pico/pico-sdk/src/rp2_common/pico_stdio/stdio.c.obj
 .bss.filter    0x0000000020000fa8        0x4 CMakeFiles/CAN_Rx.dir/home/louati/pico/pico/pico-sdk/src/rp2_common/pico_stdio/stdio.c.obj
 .bss.heap_end.5704
                0x0000000020000fac        0x4 CMakeFiles/CAN_Rx.dir/home/louati/pico/pico/pico-sdk/src/rp2_common/pico_runtime/runtime.c.obj
 .bss.hw_endpoints
                0x0000000020000fb0      0x680 CMakeFiles/CAN_Rx.dir/home/louati/pico/pico/pico-sdk/lib/tinyusb/src/portable/raspberrypi/rp2040/dcd_rp2040.c.obj
 .bss.lazy_vsnprintf
                0x0000000020001630        0x4 CMakeFiles/CAN_Rx.dir/home/louati/pico/pico/pico-sdk/src/rp2_common/pico_printf/printf.c.obj
 .bss.next_buffer_ptr
                0x0000000020001634        0x4 CMakeFiles/CAN_Rx.dir/home/louati/pico/pico/pico-sdk/lib/tinyusb/src/portable/raspberrypi/rp2040/dcd_rp2040.c.obj
 .bss.pools     0x0000000020001638       0x10 CMakeFiles/CAN_Rx.dir/home/louati/pico/pico/pico-sdk/src/common/pico_time/time.c.obj
 .bss.stdio_usb_mutex
                0x0000000020001648        0x8 CMakeFiles/CAN_Rx.dir/home/louati/pico/pico/pico-sdk/src/rp2_common/pico_stdio_usb/stdio_usb.c.obj
 .bss.target_hi
                0x0000000020001650       0x10 CMakeFiles/CAN_Rx.dir/home/louati/pico/pico/pico-sdk/src/rp2_common/hardware_timer/timer.c.obj
 .bss._app_driver_count
                0x0000000020001660        0x1 CMakeFiles/CAN_Rx.dir/home/louati/pico/pico/pico-sdk/lib/tinyusb/src/device/usbd.c.obj
 .bss._initialized
                0x0000000020001661        0x1 CMakeFiles/CAN_Rx.dir/home/louati/pico/pico/pico-sdk/lib/tinyusb/src/tusb.c.obj
 .bss.assigned_address
                0x0000000020001662        0x1 CMakeFiles/CAN_Rx.dir/home/louati/pico/pico/pico-sdk/lib/tinyusb/src/portable/raspberrypi/rp2040/dcd_rp2040.c.obj
 .bss.claimed   0x0000000020001663        0x1 CMakeFiles/CAN_Rx.dir/home/louati/pico/pico/pico-sdk/src/rp2_common/hardware_timer/timer.c.obj
 .bss.claimed   0x0000000020001664        0x1 CMakeFiles/CAN_Rx.dir/home/louati/pico/pico/pico-sdk/src/rp2_common/hardware_pio/pio.c.obj
 .bss.irq_hander_chain_free_slot_head
                0x0000000020001665        0x1 CMakeFiles/CAN_Rx.dir/home/louati/pico/pico/pico-sdk/src/rp2_common/hardware_irq/irq.c.obj
 .bss.timer_callbacks_pending
                0x0000000020001666        0x1 CMakeFiles/CAN_Rx.dir/home/louati/pico/pico/pico-sdk/src/rp2_common/hardware_timer/timer.c.obj
 *(COMMON)
 *fill*         0x0000000020001667        0x1 
 COMMON         0x0000000020001668      0x628 CMakeFiles/CAN_Rx.dir/CAN_Rx.c.obj
                0x0000000020001668                hcan
                0x0000000020001678                txhcan
                0x0000000020001688                dst
                0x0000000020001708                hcanStr
                0x0000000020001718                RX_CAN_Table
 COMMON         0x0000000020001c90      0x100 CMakeFiles/CAN_Rx.dir/home/louati/pico/pico/pico-sdk/src/rp2_common/pico_double/double_init_rom.c.obj
                0x0000000020001c90                sd_table
 COMMON         0x0000000020001d90      0x104 CMakeFiles/CAN_Rx.dir/home/louati/pico/pico/pico-sdk/src/rp2_common/pico_float/float_init_rom.c.obj
                0x0000000020001d90                sf_table
                0x0000000020001e90                sf_clz_func
 COMMON         0x0000000020001e94       0xc0 CMakeFiles/CAN_Rx.dir/home/louati/pico/pico/pico-sdk/lib/tinyusb/src/device/usbd.c.obj
                0x0000000020001e94                _usbd_qdef_buf
 COMMON         0x0000000020001f54       0x21 /opt/gcc-arm-none-eabi-6-2017-q2-update/bin/../lib/gcc/arm-none-eabi/6.3.1/../../../../arm-none-eabi/lib/thumb/v6-m/libc.a(lib_a-lock.o)
                0x0000000020001f54                __lock___atexit_recursive_mutex
                0x0000000020001f58                __lock___arc4random_mutex
                0x0000000020001f5c                __lock___env_recursive_mutex
                0x0000000020001f60                __lock___sinit_recursive_mutex
                0x0000000020001f64                __lock___malloc_recursive_mutex
                0x0000000020001f68                __lock___at_quick_exit_mutex
                0x0000000020001f6c                __lock___dd_hash_mutex
                0x0000000020001f70                __lock___tz_mutex
                0x0000000020001f74                __lock___sfp_recursive_mutex
 *fill*         0x0000000020001f75        0x3 
 COMMON         0x0000000020001f78        0x4 /opt/gcc-arm-none-eabi-6-2017-q2-update/bin/../lib/gcc/arm-none-eabi/6.3.1/../../../../arm-none-eabi/lib/thumb/v6-m/libc.a(lib_a-reent.o)
                0x0000000020001f78                errno
                0x0000000020001f7c                . = ALIGN (0x4)
                0x0000000020001f7c                __bss_end__ = .

.heap           0x0000000020001f7c      0x800
                0x0000000020001f7c                __end__ = .
                0x0000000020001f7c                end = __end__
 *(.heap*)
 .heap          0x0000000020001f7c      0x800 CMakeFiles/CAN_Rx.dir/home/louati/pico/pico/pico-sdk/src/rp2_common/pico_standard_link/crt0.S.obj
                0x000000002000277c                __HeapLimit = .

.stack1_dummy   0x0000000020040000      0x800
 *(.stack1*)
 .stack1        0x0000000020040000      0x800 CMakeFiles/CAN_Rx.dir/home/louati/pico/pico/pico-sdk/src/rp2_common/pico_multicore/multicore.c.obj

.stack_dummy    0x0000000020041000      0x800
 *(.stack*)
 .stack         0x0000000020041000      0x800 CMakeFiles/CAN_Rx.dir/home/louati/pico/pico/pico-sdk/src/rp2_common/pico_standard_link/crt0.S.obj

.flash_end      0x000000001000c5ec        0x0
                0x000000001000c5ec                __flash_binary_end = .
                0x0000000020040000                __StackLimit = (ORIGIN (RAM) + LENGTH (RAM))
                0x0000000020041000                __StackOneTop = (ORIGIN (SCRATCH_X) + LENGTH (SCRATCH_X))
                0x0000000020042000                __StackTop = (ORIGIN (SCRATCH_Y) + LENGTH (SCRATCH_Y))
                0x0000000020040800                __StackOneBottom = (__StackOneTop - SIZEOF (.stack1_dummy))
                0x0000000020041800                __StackBottom = (__StackTop - SIZEOF (.stack_dummy))
                0x0000000020042000                PROVIDE (__stack, __StackTop)
                0x0000000000000001                ASSERT ((__StackLimit >= __HeapLimit), region RAM overflowed)
                0x0000000000000001                ASSERT (((__binary_info_header_end - __logical_binary_start) <= 0x100), Binary info must be in first 256 bytes of the binary)
LOAD CMakeFiles/CAN_Rx.dir/CAN_Rx.c.obj
LOAD CMakeFiles/CAN_Rx.dir/CAN.c.obj
LOAD CMakeFiles/CAN_Rx.dir/home/louati/pico/pico/pico-sdk/src/rp2_common/pico_stdlib/stdlib.c.obj
LOAD CMakeFiles/CAN_Rx.dir/home/louati/pico/pico/pico-sdk/src/rp2_common/hardware_gpio/gpio.c.obj
LOAD CMakeFiles/CAN_Rx.dir/home/louati/pico/pico/pico-sdk/src/rp2_common/hardware_claim/claim.c.obj
LOAD CMakeFiles/CAN_Rx.dir/home/louati/pico/pico/pico-sdk/src/rp2_common/hardware_sync/sync.c.obj
LOAD CMakeFiles/CAN_Rx.dir/home/louati/pico/pico/pico-sdk/src/rp2_common/pico_platform/platform.c.obj
LOAD CMakeFiles/CAN_Rx.dir/home/louati/pico/pico/pico-sdk/src/rp2_common/hardware_uart/uart.c.obj
LOAD CMakeFiles/CAN_Rx.dir/home/louati/pico/pico/pico-sdk/src/rp2_common/hardware_divider/divider.S.obj
LOAD CMakeFiles/CAN_Rx.dir/home/louati/pico/pico/pico-sdk/src/common/pico_time/time.c.obj
LOAD CMakeFiles/CAN_Rx.dir/home/louati/pico/pico/pico-sdk/src/common/pico_time/timeout_helper.c.obj
LOAD CMakeFiles/CAN_Rx.dir/home/louati/pico/pico/pico-sdk/src/rp2_common/hardware_timer/timer.c.obj
LOAD CMakeFiles/CAN_Rx.dir/home/louati/pico/pico/pico-sdk/src/common/pico_sync/sem.c.obj
LOAD CMakeFiles/CAN_Rx.dir/home/louati/pico/pico/pico-sdk/src/common/pico_sync/lock_core.c.obj
LOAD CMakeFiles/CAN_Rx.dir/home/louati/pico/pico/pico-sdk/src/common/pico_sync/mutex.c.obj
LOAD CMakeFiles/CAN_Rx.dir/home/louati/pico/pico/pico-sdk/src/common/pico_sync/critical_section.c.obj
LOAD CMakeFiles/CAN_Rx.dir/home/louati/pico/pico/pico-sdk/src/common/pico_util/datetime.c.obj
LOAD CMakeFiles/CAN_Rx.dir/home/louati/pico/pico/pico-sdk/src/common/pico_util/pheap.c.obj
LOAD CMakeFiles/CAN_Rx.dir/home/louati/pico/pico/pico-sdk/src/common/pico_util/queue.c.obj
LOAD CMakeFiles/CAN_Rx.dir/home/louati/pico/pico/pico-sdk/src/rp2_common/pico_runtime/runtime.c.obj
LOAD CMakeFiles/CAN_Rx.dir/home/louati/pico/pico/pico-sdk/src/rp2_common/hardware_clocks/clocks.c.obj
LOAD CMakeFiles/CAN_Rx.dir/home/louati/pico/pico/pico-sdk/src/rp2_common/hardware_watchdog/watchdog.c.obj
LOAD CMakeFiles/CAN_Rx.dir/home/louati/pico/pico/pico-sdk/src/rp2_common/hardware_xosc/xosc.c.obj
LOAD CMakeFiles/CAN_Rx.dir/home/louati/pico/pico/pico-sdk/src/rp2_common/hardware_pll/pll.c.obj
LOAD CMakeFiles/CAN_Rx.dir/home/louati/pico/pico/pico-sdk/src/rp2_common/hardware_vreg/vreg.c.obj
LOAD CMakeFiles/CAN_Rx.dir/home/louati/pico/pico/pico-sdk/src/rp2_common/hardware_irq/irq.c.obj
LOAD CMakeFiles/CAN_Rx.dir/home/louati/pico/pico/pico-sdk/src/rp2_common/hardware_irq/irq_handler_chain.S.obj
LOAD CMakeFiles/CAN_Rx.dir/home/louati/pico/pico/pico-sdk/src/rp2_common/pico_printf/printf.c.obj
LOAD CMakeFiles/CAN_Rx.dir/home/louati/pico/pico/pico-sdk/src/rp2_common/pico_bit_ops/bit_ops_aeabi.S.obj
LOAD CMakeFiles/CAN_Rx.dir/home/louati/pico/pico/pico-sdk/src/rp2_common/pico_bootrom/bootrom.c.obj
LOAD CMakeFiles/CAN_Rx.dir/home/louati/pico/pico/pico-sdk/src/rp2_common/pico_divider/divider.S.obj
LOAD CMakeFiles/CAN_Rx.dir/home/louati/pico/pico/pico-sdk/src/rp2_common/pico_double/double_aeabi.S.obj
LOAD CMakeFiles/CAN_Rx.dir/home/louati/pico/pico/pico-sdk/src/rp2_common/pico_double/double_init_rom.c.obj
LOAD CMakeFiles/CAN_Rx.dir/home/louati/pico/pico/pico-sdk/src/rp2_common/pico_double/double_math.c.obj
LOAD CMakeFiles/CAN_Rx.dir/home/louati/pico/pico/pico-sdk/src/rp2_common/pico_double/double_v1_rom_shim.S.obj